---
source: kcl/src/simulation_tests.rs
description: Result of tokenizing tan_arc_x_line.kcl
snapshot_kind: text
---
{
  "Ok": [
    {
      "type": "word",
      "start": 0,
      "end": 6,
      "value": "startX"
    },
    {
      "type": "whitespace",
      "start": 6,
      "end": 7,
      "value": " "
    },
    {
      "type": "operator",
      "start": 7,
      "end": 8,
      "value": "="
    },
    {
      "type": "whitespace",
      "start": 8,
      "end": 9,
      "value": " "
    },
    {
      "type": "number",
      "start": 9,
      "end": 10,
      "value": "0"
    },
    {
      "type": "whitespace",
      "start": 10,
      "end": 11,
      "value": "\n"
    },
    {
      "type": "word",
      "start": 11,
      "end": 17,
      "value": "startY"
    },
    {
      "type": "whitespace",
      "start": 17,
      "end": 18,
      "value": " "
    },
    {
      "type": "operator",
      "start": 18,
      "end": 19,
      "value": "="
    },
    {
      "type": "whitespace",
      "start": 19,
      "end": 20,
      "value": " "
    },
    {
      "type": "number",
      "start": 20,
      "end": 21,
      "value": "0"
    },
    {
      "type": "whitespace",
      "start": 21,
      "end": 22,
      "value": "\n"
    },
    {
      "type": "word",
      "start": 22,
      "end": 33,
      "value": "angleOffset"
    },
    {
      "type": "whitespace",
      "start": 33,
      "end": 34,
      "value": " "
    },
    {
      "type": "operator",
      "start": 34,
      "end": 35,
      "value": "="
    },
    {
      "type": "whitespace",
      "start": 35,
      "end": 36,
      "value": " "
    },
    {
      "type": "number",
      "start": 36,
      "end": 39,
      "value": "135"
    },
    {
      "type": "whitespace",
      "start": 39,
      "end": 40,
      "value": "\n"
    },
    {
      "type": "word",
      "start": 40,
      "end": 41,
      "value": "r"
    },
    {
      "type": "whitespace",
      "start": 41,
      "end": 42,
      "value": " "
    },
    {
      "type": "operator",
      "start": 42,
      "end": 43,
      "value": "="
    },
    {
      "type": "whitespace",
      "start": 43,
      "end": 44,
      "value": " "
    },
    {
      "type": "number",
      "start": 44,
      "end": 45,
      "value": "1"
    },
    {
      "type": "whitespace",
      "start": 45,
      "end": 46,
      "value": "\n"
    },
    {
      "type": "word",
      "start": 46,
      "end": 56,
      "value": "angleStart"
    },
    {
      "type": "whitespace",
      "start": 56,
      "end": 57,
      "value": " "
    },
    {
      "type": "operator",
      "start": 57,
      "end": 58,
      "value": "="
    },
    {
      "type": "whitespace",
      "start": 58,
      "end": 59,
      "value": " "
    },
    {
      "type": "number",
      "start": 59,
      "end": 62,
      "value": "110"
    },
    {
      "type": "whitespace",
      "start": 62,
      "end": 64,
      "value": "\n\n"
    },
    {
      "type": "word",
      "start": 64,
      "end": 77,
      "value": "startSketchOn"
    },
    {
      "type": "brace",
      "start": 77,
      "end": 78,
      "value": "("
    },
    {
      "type": "string",
      "start": 78,
      "end": 82,
      "value": "'XY'"
    },
    {
      "type": "brace",
      "start": 82,
      "end": 83,
      "value": ")"
    },
    {
      "type": "whitespace",
      "start": 83,
      "end": 86,
      "value": "\n  "
    },
    {
      "type": "operator",
      "start": 86,
      "end": 88,
      "value": "|>"
    },
    {
      "type": "whitespace",
      "start": 88,
      "end": 89,
      "value": " "
    },
    {
      "type": "word",
      "start": 89,
      "end": 103,
      "value": "startProfileAt"
    },
    {
      "type": "brace",
      "start": 103,
      "end": 104,
      "value": "("
    },
    {
      "type": "brace",
      "start": 104,
      "end": 105,
      "value": "["
    },
    {
      "type": "word",
      "start": 105,
      "end": 111,
      "value": "startX"
    },
    {
      "type": "comma",
      "start": 111,
      "end": 112,
      "value": ","
    },
    {
      "type": "whitespace",
      "start": 112,
      "end": 113,
      "value": " "
    },
    {
      "type": "word",
      "start": 113,
      "end": 119,
      "value": "startY"
    },
    {
      "type": "brace",
      "start": 119,
      "end": 120,
      "value": "]"
    },
    {
      "type": "comma",
      "start": 120,
      "end": 121,
      "value": ","
    },
    {
      "type": "whitespace",
      "start": 121,
      "end": 122,
      "value": " "
    },
    {
      "type": "operator",
      "start": 122,
      "end": 123,
      "value": "%"
    },
    {
      "type": "brace",
      "start": 123,
      "end": 124,
      "value": ")"
    },
    {
      "type": "whitespace",
      "start": 124,
      "end": 127,
      "value": "\n  "
    },
    {
      "type": "operator",
      "start": 127,
      "end": 129,
      "value": "|>"
    },
    {
      "type": "whitespace",
      "start": 129,
      "end": 130,
      "value": " "
    },
    {
      "type": "word",
      "start": 130,
      "end": 140,
      "value": "angledLine"
    },
    {
      "type": "brace",
      "start": 140,
      "end": 141,
      "value": "("
    },
    {
      "type": "brace",
      "start": 141,
      "end": 142,
      "value": "{"
    },
    {
      "type": "whitespace",
      "start": 142,
      "end": 143,
      "value": " "
    },
    {
      "type": "word",
      "start": 143,
      "end": 148,
      "value": "angle"
    },
    {
      "type": "whitespace",
      "start": 148,
      "end": 149,
      "value": " "
    },
    {
      "type": "operator",
      "start": 149,
      "end": 150,
      "value": "="
    },
    {
      "type": "whitespace",
      "start": 150,
      "end": 151,
      "value": " "
    },
    {
      "type": "word",
      "start": 151,
      "end": 161,
      "value": "angleStart"
    },
    {
      "type": "comma",
      "start": 161,
      "end": 162,
      "value": ","
    },
    {
      "type": "whitespace",
      "start": 162,
      "end": 163,
      "value": " "
    },
    {
      "type": "word",
      "start": 163,
      "end": 169,
      "value": "length"
    },
    {
      "type": "whitespace",
      "start": 169,
      "end": 170,
      "value": " "
    },
    {
      "type": "operator",
      "start": 170,
      "end": 171,
      "value": "="
    },
    {
      "type": "whitespace",
      "start": 171,
      "end": 172,
      "value": " "
    },
    {
      "type": "number",
      "start": 172,
      "end": 179,
      "value": ".000001"
    },
    {
      "type": "whitespace",
      "start": 179,
      "end": 180,
      "value": " "
    },
    {
      "type": "brace",
      "start": 180,
      "end": 181,
      "value": "}"
    },
    {
      "type": "comma",
      "start": 181,
      "end": 182,
      "value": ","
    },
    {
      "type": "whitespace",
      "start": 182,
      "end": 183,
      "value": " "
    },
    {
      "type": "operator",
      "start": 183,
      "end": 184,
      "value": "%"
    },
    {
      "type": "brace",
      "start": 184,
      "end": 185,
      "value": ")"
    },
    {
      "type": "whitespace",
      "start": 185,
      "end": 188,
      "value": "\n  "
    },
    {
      "type": "operator",
      "start": 188,
      "end": 190,
      "value": "|>"
    },
    {
      "type": "whitespace",
      "start": 190,
      "end": 191,
      "value": " "
    },
    {
      "type": "word",
      "start": 191,
      "end": 204,
      "value": "tangentialArc"
    },
    {
      "type": "brace",
      "start": 204,
      "end": 205,
      "value": "("
    },
    {
      "type": "brace",
      "start": 205,
      "end": 206,
      "value": "{"
    },
    {
      "type": "whitespace",
      "start": 206,
      "end": 207,
      "value": " "
    },
    {
      "type": "word",
      "start": 207,
      "end": 213,
      "value": "offset"
    },
    {
      "type": "whitespace",
      "start": 213,
      "end": 214,
      "value": " "
    },
    {
      "type": "operator",
      "start": 214,
      "end": 215,
      "value": "="
    },
    {
      "type": "whitespace",
      "start": 215,
      "end": 216,
      "value": " "
    },
    {
      "type": "word",
      "start": 216,
      "end": 227,
      "value": "angleOffset"
    },
    {
      "type": "comma",
      "start": 227,
      "end": 228,
      "value": ","
    },
    {
      "type": "whitespace",
      "start": 228,
      "end": 229,
      "value": " "
    },
    {
      "type": "word",
      "start": 229,
      "end": 235,
      "value": "radius"
    },
    {
      "type": "whitespace",
      "start": 235,
      "end": 236,
      "value": " "
    },
    {
      "type": "operator",
      "start": 236,
      "end": 237,
      "value": "="
    },
    {
      "type": "whitespace",
      "start": 237,
      "end": 238,
      "value": " "
    },
    {
      "type": "word",
      "start": 238,
      "end": 239,
      "value": "r"
    },
    {
      "type": "whitespace",
      "start": 239,
      "end": 240,
      "value": " "
    },
    {
      "type": "brace",
      "start": 240,
      "end": 241,
      "value": "}"
    },
    {
      "type": "comma",
      "start": 241,
      "end": 242,
      "value": ","
    },
    {
      "type": "whitespace",
      "start": 242,
      "end": 243,
      "value": " "
    },
    {
      "type": "operator",
      "start": 243,
      "end": 244,
      "value": "%"
    },
    {
      "type": "comma",
      "start": 244,
      "end": 245,
      "value": ","
    },
    {
      "type": "whitespace",
      "start": 245,
      "end": 246,
      "value": " "
    },
    {
      "type": "dollar",
      "start": 246,
      "end": 247,
      "value": "$"
    },
    {
      "type": "word",
      "start": 247,
      "end": 251,
      "value": "arc1"
    },
    {
      "type": "brace",
      "start": 251,
      "end": 252,
      "value": ")"
    },
    {
      "type": "whitespace",
      "start": 252,
      "end": 255,
      "value": "\n  "
    },
    {
      "type": "operator",
      "start": 255,
      "end": 257,
      "value": "|>"
    },
    {
      "type": "whitespace",
      "start": 257,
      "end": 258,
      "value": " "
    },
    {
      "type": "word",
      "start": 258,
      "end": 271,
      "value": "tangentialArc"
    },
    {
      "type": "brace",
      "start": 271,
      "end": 272,
      "value": "("
    },
    {
      "type": "brace",
      "start": 272,
      "end": 273,
      "value": "{"
    },
    {
      "type": "whitespace",
      "start": 273,
      "end": 281,
      "value": "\n       "
    },
    {
      "type": "word",
      "start": 281,
      "end": 287,
      "value": "offset"
    },
    {
      "type": "whitespace",
      "start": 287,
      "end": 288,
      "value": " "
    },
    {
      "type": "operator",
      "start": 288,
      "end": 289,
      "value": "="
    },
    {
      "type": "whitespace",
      "start": 289,
      "end": 290,
      "value": " "
    },
    {
      "type": "word",
      "start": 290,
      "end": 301,
      "value": "angleOffset"
    },
    {
      "type": "comma",
      "start": 301,
      "end": 302,
      "value": ","
    },
    {
      "type": "whitespace",
      "start": 302,
      "end": 310,
      "value": "\n       "
    },
    {
      "type": "word",
      "start": 310,
      "end": 316,
      "value": "radius"
    },
    {
      "type": "whitespace",
      "start": 316,
      "end": 317,
      "value": " "
    },
    {
      "type": "operator",
      "start": 317,
      "end": 318,
      "value": "="
    },
    {
      "type": "whitespace",
      "start": 318,
      "end": 319,
      "value": " "
    },
    {
      "type": "number",
      "start": 319,
      "end": 322,
      "value": "0.5"
    },
    {
      "type": "whitespace",
      "start": 322,
      "end": 323,
      "value": " "
    },
    {
      "type": "operator",
      "start": 323,
      "end": 324,
      "value": "*"
    },
    {
      "type": "whitespace",
      "start": 324,
      "end": 325,
      "value": " "
    },
    {
      "type": "word",
      "start": 325,
      "end": 326,
      "value": "r"
    },
    {
      "type": "whitespace",
      "start": 326,
      "end": 332,
      "value": "\n     "
    },
    {
      "type": "brace",
      "start": 332,
      "end": 333,
      "value": "}"
    },
    {
      "type": "comma",
      "start": 333,
      "end": 334,
      "value": ","
    },
    {
      "type": "whitespace",
      "start": 334,
      "end": 335,
      "value": " "
    },
    {
      "type": "operator",
      "start": 335,
      "end": 336,
      "value": "%"
    },
    {
      "type": "comma",
      "start": 336,
      "end": 337,
      "value": ","
    },
    {
      "type": "whitespace",
      "start": 337,
      "end": 338,
      "value": " "
    },
    {
      "type": "dollar",
      "start": 338,
      "end": 339,
      "value": "$"
    },
    {
      "type": "word",
      "start": 339,
      "end": 343,
      "value": "arc2"
    },
    {
      "type": "brace",
      "start": 343,
      "end": 344,
      "value": ")"
    },
    {
      "type": "whitespace",
      "start": 344,
      "end": 347,
      "value": "\n  "
    },
    {
      "type": "operator",
      "start": 347,
      "end": 349,
      "value": "|>"
    },
    {
      "type": "whitespace",
      "start": 349,
      "end": 350,
      "value": " "
    },
    {
      "type": "word",
      "start": 350,
      "end": 363,
      "value": "tangentialArc"
    },
    {
      "type": "brace",
      "start": 363,
      "end": 364,
      "value": "("
    },
    {
      "type": "brace",
      "start": 364,
      "end": 365,
      "value": "{"
    },
    {
      "type": "whitespace",
      "start": 365,
      "end": 373,
      "value": "\n       "
    },
    {
      "type": "word",
      "start": 373,
      "end": 379,
      "value": "offset"
    },
    {
      "type": "whitespace",
      "start": 379,
      "end": 380,
      "value": " "
    },
    {
      "type": "operator",
      "start": 380,
      "end": 381,
      "value": "="
    },
    {
      "type": "whitespace",
      "start": 381,
      "end": 382,
      "value": " "
    },
    {
      "type": "operator",
      "start": 382,
      "end": 383,
      "value": "-"
    },
    {
      "type": "word",
      "start": 383,
      "end": 394,
      "value": "angleOffset"
    },
    {
      "type": "comma",
      "start": 394,
      "end": 395,
      "value": ","
    },
    {
      "type": "whitespace",
      "start": 395,
      "end": 403,
      "value": "\n       "
    },
    {
      "type": "word",
      "start": 403,
      "end": 409,
      "value": "radius"
    },
    {
      "type": "whitespace",
      "start": 409,
      "end": 410,
      "value": " "
    },
    {
      "type": "operator",
      "start": 410,
      "end": 411,
      "value": "="
    },
    {
      "type": "whitespace",
      "start": 411,
      "end": 412,
      "value": " "
    },
    {
      "type": "number",
      "start": 412,
      "end": 415,
      "value": "0.5"
    },
    {
      "type": "whitespace",
      "start": 415,
      "end": 416,
      "value": " "
    },
    {
      "type": "operator",
      "start": 416,
      "end": 417,
      "value": "*"
    },
    {
      "type": "whitespace",
      "start": 417,
      "end": 418,
      "value": " "
    },
    {
      "type": "word",
      "start": 418,
      "end": 419,
      "value": "r"
    },
    {
      "type": "whitespace",
      "start": 419,
      "end": 425,
      "value": "\n     "
    },
    {
      "type": "brace",
      "start": 425,
      "end": 426,
      "value": "}"
    },
    {
      "type": "comma",
      "start": 426,
      "end": 427,
      "value": ","
    },
    {
      "type": "whitespace",
      "start": 427,
      "end": 428,
      "value": " "
    },
    {
      "type": "operator",
      "start": 428,
      "end": 429,
      "value": "%"
    },
    {
      "type": "comma",
      "start": 429,
      "end": 430,
      "value": ","
    },
    {
      "type": "whitespace",
      "start": 430,
      "end": 431,
      "value": " "
    },
    {
      "type": "dollar",
      "start": 431,
      "end": 432,
      "value": "$"
    },
    {
      "type": "word",
      "start": 432,
      "end": 436,
      "value": "arc3"
    },
    {
      "type": "brace",
      "start": 436,
      "end": 437,
      "value": ")"
    },
    {
      "type": "whitespace",
      "start": 437,
      "end": 440,
      "value": "\n  "
    },
    {
      "type": "operator",
      "start": 440,
      "end": 442,
      "value": "|>"
    },
    {
      "type": "whitespace",
      "start": 442,
      "end": 443,
      "value": " "
    },
    {
      "type": "word",
      "start": 443,
      "end": 450,
      "value": "xLineTo"
    },
    {
      "type": "brace",
      "start": 450,
      "end": 451,
      "value": "("
    },
    {
      "type": "number",
      "start": 451,
      "end": 452,
      "value": "1"
    },
    {
      "type": "comma",
      "start": 452,
      "end": 453,
      "value": ","
    },
    {
      "type": "whitespace",
      "start": 453,
      "end": 454,
      "value": " "
    },
    {
      "type": "operator",
      "start": 454,
      "end": 455,
      "value": "%"
    },
    {
      "type": "brace",
      "start": 455,
      "end": 456,
      "value": ")"
    },
    {
      "type": "whitespace",
      "start": 456,
      "end": 457,
      "value": "\n"
    }
  ]
}
