---
source: kcl/src/simulation_tests.rs
assertion_line: 65
description: Result of parsing array_range_negative_expr.kcl
snapshot_kind: text
---
{
  "Ok": {
    "body": [
      {
        "declarations": [
          {
            "end": 14,
            "id": {
              "end": 2,
              "name": "xs",
              "start": 0,
              "type": "Identifier"
            },
            "init": {
              "end": 14,
              "endElement": {
                "end": 13,
                "raw": "5",
                "start": 12,
                "type": "Literal",
                "type": "Literal",
                "value": 5.0
              },
              "endInclusive": true,
              "start": 5,
              "startElement": {
                "argument": {
                  "end": 8,
                  "raw": "5",
                  "start": 7,
                  "type": "Literal",
                  "type": "Literal",
                  "value": 5.0
                },
                "end": 8,
                "operator": "-",
                "start": 6,
                "type": "UnaryExpression",
                "type": "UnaryExpression"
              },
              "type": "ArrayRangeExpression",
              "type": "ArrayRangeExpression"
            },
            "start": 0,
            "type": "VariableDeclarator"
          }
        ],
        "end": 14,
        "kind": "const",
        "start": 0,
        "type": "VariableDeclaration",
        "type": "VariableDeclaration"
      },
      {
        "end": 67,
        "expression": {
          "arguments": [
            {
              "computed": false,
              "end": 32,
              "object": {
                "end": 29,
                "name": "xs",
                "start": 27,
                "type": "Identifier",
                "type": "Identifier"
              },
              "property": {
                "end": 31,
                "raw": "0",
                "start": 30,
                "type": "Literal",
                "type": "Literal",
                "value": 0.0
              },
              "start": 27,
              "type": "MemberExpression",
              "type": "MemberExpression"
            },
            {
              "argument": {
                "end": 36,
                "raw": "5",
                "start": 35,
                "type": "Literal",
                "type": "Literal",
                "value": 5.0
              },
              "end": 36,
              "operator": "-",
              "start": 34,
              "type": "UnaryExpression",
              "type": "UnaryExpression"
            },
            {
              "end": 43,
              "raw": "0.001",
              "start": 38,
              "type": "Literal",
              "type": "Literal",
              "value": 0.001
            },
            {
              "end": 66,
              "raw": "\"first element is -5\"",
              "start": 45,
              "type": "Literal",
              "type": "Literal",
              "value": "first element is -5"
            }
          ],
          "callee": {
            "end": 26,
            "name": "assertEqual",
            "start": 15,
            "type": "Identifier"
          },
          "end": 67,
          "optional": false,
          "start": 15,
          "type": "CallExpression",
          "type": "CallExpression"
        },
        "start": 15,
        "type": "ExpressionStatement",
        "type": "ExpressionStatement"
      }
    ],
    "end": 68,
    "start": 0
  }
}
