---
source: kcl/src/simulation_tests.rs
description: Result of tokenizing helix_ccw.kcl
snapshot_kind: text
---
{
  "Ok": [
    {
      "type": "word",
      "start": 0,
      "end": 7,
      "value": "part001"
    },
    {
      "type": "whitespace",
      "start": 7,
      "end": 8,
      "value": " "
    },
    {
      "type": "operator",
      "start": 8,
      "end": 9,
      "value": "="
    },
    {
      "type": "whitespace",
      "start": 9,
      "end": 10,
      "value": " "
    },
    {
      "type": "word",
      "start": 10,
      "end": 23,
      "value": "startSketchOn"
    },
    {
      "type": "brace",
      "start": 23,
      "end": 24,
      "value": "("
    },
    {
      "type": "string",
      "start": 24,
      "end": 28,
      "value": "'XY'"
    },
    {
      "type": "brace",
      "start": 28,
      "end": 29,
      "value": ")"
    },
    {
      "type": "whitespace",
      "start": 29,
      "end": 32,
      "value": "\n  "
    },
    {
      "type": "operator",
      "start": 32,
      "end": 34,
      "value": "|>"
    },
    {
      "type": "whitespace",
      "start": 34,
      "end": 35,
      "value": " "
    },
    {
      "type": "word",
      "start": 35,
      "end": 41,
      "value": "circle"
    },
    {
      "type": "brace",
      "start": 41,
      "end": 42,
      "value": "("
    },
    {
      "type": "brace",
      "start": 42,
      "end": 43,
      "value": "{"
    },
    {
      "type": "whitespace",
      "start": 43,
      "end": 44,
      "value": " "
    },
    {
      "type": "word",
      "start": 44,
      "end": 50,
      "value": "center"
    },
    {
      "type": "whitespace",
      "start": 50,
      "end": 51,
      "value": " "
    },
    {
      "type": "operator",
      "start": 51,
      "end": 52,
      "value": "="
    },
    {
      "type": "whitespace",
      "start": 52,
      "end": 53,
      "value": " "
    },
    {
      "type": "brace",
      "start": 53,
      "end": 54,
      "value": "["
    },
    {
      "type": "number",
      "start": 54,
      "end": 55,
      "value": "5"
    },
    {
      "type": "comma",
      "start": 55,
      "end": 56,
      "value": ","
    },
    {
      "type": "whitespace",
      "start": 56,
      "end": 57,
      "value": " "
    },
    {
      "type": "number",
      "start": 57,
      "end": 58,
      "value": "5"
    },
    {
      "type": "brace",
      "start": 58,
      "end": 59,
      "value": "]"
    },
    {
      "type": "comma",
      "start": 59,
      "end": 60,
      "value": ","
    },
    {
      "type": "whitespace",
      "start": 60,
      "end": 61,
      "value": " "
    },
    {
      "type": "word",
      "start": 61,
      "end": 67,
      "value": "radius"
    },
    {
      "type": "whitespace",
      "start": 67,
      "end": 68,
      "value": " "
    },
    {
      "type": "operator",
      "start": 68,
      "end": 69,
      "value": "="
    },
    {
      "type": "whitespace",
      "start": 69,
      "end": 70,
      "value": " "
    },
    {
      "type": "number",
      "start": 70,
      "end": 72,
      "value": "10"
    },
    {
      "type": "whitespace",
      "start": 72,
      "end": 73,
      "value": " "
    },
    {
      "type": "brace",
      "start": 73,
      "end": 74,
      "value": "}"
    },
    {
      "type": "comma",
      "start": 74,
      "end": 75,
      "value": ","
    },
    {
      "type": "whitespace",
      "start": 75,
      "end": 76,
      "value": " "
    },
    {
      "type": "operator",
      "start": 76,
      "end": 77,
      "value": "%"
    },
    {
      "type": "brace",
      "start": 77,
      "end": 78,
      "value": ")"
    },
    {
      "type": "whitespace",
      "start": 78,
      "end": 81,
      "value": "\n  "
    },
    {
      "type": "operator",
      "start": 81,
      "end": 83,
      "value": "|>"
    },
    {
      "type": "whitespace",
      "start": 83,
      "end": 84,
      "value": " "
    },
    {
      "type": "word",
      "start": 84,
      "end": 91,
      "value": "extrude"
    },
    {
      "type": "brace",
      "start": 91,
      "end": 92,
      "value": "("
    },
    {
      "type": "number",
      "start": 92,
      "end": 94,
      "value": "10"
    },
    {
      "type": "comma",
      "start": 94,
      "end": 95,
      "value": ","
    },
    {
      "type": "whitespace",
      "start": 95,
      "end": 96,
      "value": " "
    },
    {
      "type": "operator",
      "start": 96,
      "end": 97,
      "value": "%"
    },
    {
      "type": "brace",
      "start": 97,
      "end": 98,
      "value": ")"
    },
    {
      "type": "whitespace",
      "start": 98,
      "end": 101,
      "value": "\n  "
    },
    {
      "type": "operator",
      "start": 101,
      "end": 103,
      "value": "|>"
    },
    {
      "type": "whitespace",
      "start": 103,
      "end": 104,
      "value": " "
    },
    {
      "type": "word",
      "start": 104,
      "end": 109,
      "value": "helix"
    },
    {
      "type": "brace",
      "start": 109,
      "end": 110,
      "value": "("
    },
    {
      "type": "brace",
      "start": 110,
      "end": 111,
      "value": "{"
    },
    {
      "type": "whitespace",
      "start": 111,
      "end": 119,
      "value": "\n       "
    },
    {
      "type": "word",
      "start": 119,
      "end": 130,
      "value": "revolutions"
    },
    {
      "type": "whitespace",
      "start": 130,
      "end": 131,
      "value": " "
    },
    {
      "type": "operator",
      "start": 131,
      "end": 132,
      "value": "="
    },
    {
      "type": "whitespace",
      "start": 132,
      "end": 133,
      "value": " "
    },
    {
      "type": "number",
      "start": 133,
      "end": 135,
      "value": "16"
    },
    {
      "type": "comma",
      "start": 135,
      "end": 136,
      "value": ","
    },
    {
      "type": "whitespace",
      "start": 136,
      "end": 144,
      "value": "\n       "
    },
    {
      "type": "word",
      "start": 144,
      "end": 154,
      "value": "angleStart"
    },
    {
      "type": "whitespace",
      "start": 154,
      "end": 155,
      "value": " "
    },
    {
      "type": "operator",
      "start": 155,
      "end": 156,
      "value": "="
    },
    {
      "type": "whitespace",
      "start": 156,
      "end": 157,
      "value": " "
    },
    {
      "type": "number",
      "start": 157,
      "end": 158,
      "value": "0"
    },
    {
      "type": "comma",
      "start": 158,
      "end": 159,
      "value": ","
    },
    {
      "type": "whitespace",
      "start": 159,
      "end": 167,
      "value": "\n       "
    },
    {
      "type": "word",
      "start": 167,
      "end": 170,
      "value": "ccw"
    },
    {
      "type": "whitespace",
      "start": 170,
      "end": 171,
      "value": " "
    },
    {
      "type": "operator",
      "start": 171,
      "end": 172,
      "value": "="
    },
    {
      "type": "whitespace",
      "start": 172,
      "end": 173,
      "value": " "
    },
    {
      "type": "keyword",
      "start": 173,
      "end": 177,
      "value": "true"
    },
    {
      "type": "whitespace",
      "start": 177,
      "end": 183,
      "value": "\n     "
    },
    {
      "type": "brace",
      "start": 183,
      "end": 184,
      "value": "}"
    },
    {
      "type": "comma",
      "start": 184,
      "end": 185,
      "value": ","
    },
    {
      "type": "whitespace",
      "start": 185,
      "end": 186,
      "value": " "
    },
    {
      "type": "operator",
      "start": 186,
      "end": 187,
      "value": "%"
    },
    {
      "type": "brace",
      "start": 187,
      "end": 188,
      "value": ")"
    },
    {
      "type": "whitespace",
      "start": 188,
      "end": 189,
      "value": "\n"
    }
  ]
}
