---
source: kcl/src/simulation_tests.rs
assertion_line: 51
description: Result of tokenizing pentagon_fillet_sugar.kcl
snapshot_kind: text
---
{
  "Ok": [
    {
      "type": "word",
      "start": 0,
      "end": 14,
      "value": "triangleHeight"
    },
    {
      "type": "whitespace",
      "start": 14,
      "end": 15,
      "value": " "
    },
    {
      "type": "operator",
      "start": 15,
      "end": 16,
      "value": "="
    },
    {
      "type": "whitespace",
      "start": 16,
      "end": 17,
      "value": " "
    },
    {
      "type": "number",
      "start": 17,
      "end": 20,
      "value": "200"
    },
    {
      "type": "whitespace",
      "start": 20,
      "end": 21,
      "value": "\n"
    },
    {
      "type": "word",
      "start": 21,
      "end": 31,
      "value": "plumbusLen"
    },
    {
      "type": "whitespace",
      "start": 31,
      "end": 32,
      "value": " "
    },
    {
      "type": "operator",
      "start": 32,
      "end": 33,
      "value": "="
    },
    {
      "type": "whitespace",
      "start": 33,
      "end": 34,
      "value": " "
    },
    {
      "type": "number",
      "start": 34,
      "end": 37,
      "value": "100"
    },
    {
      "type": "whitespace",
      "start": 37,
      "end": 38,
      "value": "\n"
    },
    {
      "type": "word",
      "start": 38,
      "end": 44,
      "value": "radius"
    },
    {
      "type": "whitespace",
      "start": 44,
      "end": 45,
      "value": " "
    },
    {
      "type": "operator",
      "start": 45,
      "end": 46,
      "value": "="
    },
    {
      "type": "whitespace",
      "start": 46,
      "end": 47,
      "value": " "
    },
    {
      "type": "number",
      "start": 47,
      "end": 49,
      "value": "80"
    },
    {
      "type": "whitespace",
      "start": 49,
      "end": 50,
      "value": "\n"
    },
    {
      "type": "word",
      "start": 50,
      "end": 54,
      "value": "circ"
    },
    {
      "type": "whitespace",
      "start": 54,
      "end": 55,
      "value": " "
    },
    {
      "type": "operator",
      "start": 55,
      "end": 56,
      "value": "="
    },
    {
      "type": "whitespace",
      "start": 56,
      "end": 57,
      "value": " "
    },
    {
      "type": "brace",
      "start": 57,
      "end": 58,
      "value": "{"
    },
    {
      "type": "whitespace",
      "start": 58,
      "end": 61,
      "value": "\n  "
    },
    {
      "type": "word",
      "start": 61,
      "end": 72,
      "value": "angle_start"
    },
    {
      "type": "whitespace",
      "start": 72,
      "end": 73,
      "value": " "
    },
    {
      "type": "operator",
      "start": 73,
      "end": 74,
      "value": "="
    },
    {
      "type": "whitespace",
      "start": 74,
      "end": 75,
      "value": " "
    },
    {
      "type": "number",
      "start": 75,
      "end": 76,
      "value": "0"
    },
    {
      "type": "comma",
      "start": 76,
      "end": 77,
      "value": ","
    },
    {
      "type": "whitespace",
      "start": 77,
      "end": 80,
      "value": "\n  "
    },
    {
      "type": "word",
      "start": 80,
      "end": 89,
      "value": "angle_end"
    },
    {
      "type": "whitespace",
      "start": 89,
      "end": 90,
      "value": " "
    },
    {
      "type": "operator",
      "start": 90,
      "end": 91,
      "value": "="
    },
    {
      "type": "whitespace",
      "start": 91,
      "end": 92,
      "value": " "
    },
    {
      "type": "number",
      "start": 92,
      "end": 95,
      "value": "360"
    },
    {
      "type": "comma",
      "start": 95,
      "end": 96,
      "value": ","
    },
    {
      "type": "whitespace",
      "start": 96,
      "end": 99,
      "value": "\n  "
    },
    {
      "type": "word",
      "start": 99,
      "end": 105,
      "value": "radius"
    },
    {
      "type": "whitespace",
      "start": 105,
      "end": 106,
      "value": " "
    },
    {
      "type": "operator",
      "start": 106,
      "end": 107,
      "value": "="
    },
    {
      "type": "whitespace",
      "start": 107,
      "end": 108,
      "value": " "
    },
    {
      "type": "word",
      "start": 108,
      "end": 114,
      "value": "radius"
    },
    {
      "type": "whitespace",
      "start": 114,
      "end": 115,
      "value": "\n"
    },
    {
      "type": "brace",
      "start": 115,
      "end": 116,
      "value": "}"
    },
    {
      "type": "whitespace",
      "start": 116,
      "end": 118,
      "value": "\n\n"
    },
    {
      "type": "word",
      "start": 118,
      "end": 129,
      "value": "triangleLen"
    },
    {
      "type": "whitespace",
      "start": 129,
      "end": 130,
      "value": " "
    },
    {
      "type": "operator",
      "start": 130,
      "end": 131,
      "value": "="
    },
    {
      "type": "whitespace",
      "start": 131,
      "end": 132,
      "value": " "
    },
    {
      "type": "number",
      "start": 132,
      "end": 135,
      "value": "500"
    },
    {
      "type": "whitespace",
      "start": 135,
      "end": 136,
      "value": "\n"
    },
    {
      "type": "word",
      "start": 136,
      "end": 137,
      "value": "p"
    },
    {
      "type": "whitespace",
      "start": 137,
      "end": 138,
      "value": " "
    },
    {
      "type": "operator",
      "start": 138,
      "end": 139,
      "value": "="
    },
    {
      "type": "whitespace",
      "start": 139,
      "end": 140,
      "value": " "
    },
    {
      "type": "word",
      "start": 140,
      "end": 153,
      "value": "startSketchOn"
    },
    {
      "type": "brace",
      "start": 153,
      "end": 154,
      "value": "("
    },
    {
      "type": "string",
      "start": 154,
      "end": 158,
      "value": "'XY'"
    },
    {
      "type": "brace",
      "start": 158,
      "end": 159,
      "value": ")"
    },
    {
      "type": "whitespace",
      "start": 159,
      "end": 162,
      "value": "\n  "
    },
    {
      "type": "operator",
      "start": 162,
      "end": 164,
      "value": "|>"
    },
    {
      "type": "whitespace",
      "start": 164,
      "end": 165,
      "value": " "
    },
    {
      "type": "word",
      "start": 165,
      "end": 179,
      "value": "startProfileAt"
    },
    {
      "type": "brace",
      "start": 179,
      "end": 180,
      "value": "("
    },
    {
      "type": "brace",
      "start": 180,
      "end": 181,
      "value": "["
    },
    {
      "type": "number",
      "start": 181,
      "end": 182,
      "value": "0"
    },
    {
      "type": "comma",
      "start": 182,
      "end": 183,
      "value": ","
    },
    {
      "type": "whitespace",
      "start": 183,
      "end": 184,
      "value": " "
    },
    {
      "type": "number",
      "start": 184,
      "end": 185,
      "value": "0"
    },
    {
      "type": "brace",
      "start": 185,
      "end": 186,
      "value": "]"
    },
    {
      "type": "comma",
      "start": 186,
      "end": 187,
      "value": ","
    },
    {
      "type": "whitespace",
      "start": 187,
      "end": 188,
      "value": " "
    },
    {
      "type": "operator",
      "start": 188,
      "end": 189,
      "value": "%"
    },
    {
      "type": "brace",
      "start": 189,
      "end": 190,
      "value": ")"
    },
    {
      "type": "whitespace",
      "start": 190,
      "end": 193,
      "value": "\n  "
    },
    {
      "type": "operator",
      "start": 193,
      "end": 195,
      "value": "|>"
    },
    {
      "type": "whitespace",
      "start": 195,
      "end": 196,
      "value": " "
    },
    {
      "type": "word",
      "start": 196,
      "end": 206,
      "value": "angledLine"
    },
    {
      "type": "brace",
      "start": 206,
      "end": 207,
      "value": "("
    },
    {
      "type": "brace",
      "start": 207,
      "end": 208,
      "value": "{"
    },
    {
      "type": "whitespace",
      "start": 208,
      "end": 209,
      "value": " "
    },
    {
      "type": "word",
      "start": 209,
      "end": 214,
      "value": "angle"
    },
    {
      "type": "whitespace",
      "start": 214,
      "end": 215,
      "value": " "
    },
    {
      "type": "operator",
      "start": 215,
      "end": 216,
      "value": "="
    },
    {
      "type": "whitespace",
      "start": 216,
      "end": 217,
      "value": " "
    },
    {
      "type": "number",
      "start": 217,
      "end": 219,
      "value": "60"
    },
    {
      "type": "comma",
      "start": 219,
      "end": 220,
      "value": ","
    },
    {
      "type": "whitespace",
      "start": 220,
      "end": 221,
      "value": " "
    },
    {
      "type": "word",
      "start": 221,
      "end": 227,
      "value": "length"
    },
    {
      "type": "whitespace",
      "start": 227,
      "end": 228,
      "value": " "
    },
    {
      "type": "operator",
      "start": 228,
      "end": 229,
      "value": "="
    },
    {
      "type": "whitespace",
      "start": 229,
      "end": 230,
      "value": " "
    },
    {
      "type": "word",
      "start": 230,
      "end": 241,
      "value": "triangleLen"
    },
    {
      "type": "whitespace",
      "start": 241,
      "end": 242,
      "value": " "
    },
    {
      "type": "brace",
      "start": 242,
      "end": 243,
      "value": "}"
    },
    {
      "type": "comma",
      "start": 243,
      "end": 244,
      "value": ","
    },
    {
      "type": "whitespace",
      "start": 244,
      "end": 245,
      "value": " "
    },
    {
      "type": "operator",
      "start": 245,
      "end": 246,
      "value": "%"
    },
    {
      "type": "comma",
      "start": 246,
      "end": 247,
      "value": ","
    },
    {
      "type": "whitespace",
      "start": 247,
      "end": 248,
      "value": " "
    },
    {
      "type": "dollar",
      "start": 248,
      "end": 249,
      "value": "$"
    },
    {
      "type": "word",
      "start": 249,
      "end": 250,
      "value": "a"
    },
    {
      "type": "brace",
      "start": 250,
      "end": 251,
      "value": ")"
    },
    {
      "type": "whitespace",
      "start": 251,
      "end": 254,
      "value": "\n  "
    },
    {
      "type": "operator",
      "start": 254,
      "end": 256,
      "value": "|>"
    },
    {
      "type": "whitespace",
      "start": 256,
      "end": 257,
      "value": " "
    },
    {
      "type": "word",
      "start": 257,
      "end": 267,
      "value": "angledLine"
    },
    {
      "type": "brace",
      "start": 267,
      "end": 268,
      "value": "("
    },
    {
      "type": "brace",
      "start": 268,
      "end": 269,
      "value": "{"
    },
    {
      "type": "whitespace",
      "start": 269,
      "end": 270,
      "value": " "
    },
    {
      "type": "word",
      "start": 270,
      "end": 275,
      "value": "angle"
    },
    {
      "type": "whitespace",
      "start": 275,
      "end": 276,
      "value": " "
    },
    {
      "type": "operator",
      "start": 276,
      "end": 277,
      "value": "="
    },
    {
      "type": "whitespace",
      "start": 277,
      "end": 278,
      "value": " "
    },
    {
      "type": "number",
      "start": 278,
      "end": 281,
      "value": "180"
    },
    {
      "type": "comma",
      "start": 281,
      "end": 282,
      "value": ","
    },
    {
      "type": "whitespace",
      "start": 282,
      "end": 283,
      "value": " "
    },
    {
      "type": "word",
      "start": 283,
      "end": 289,
      "value": "length"
    },
    {
      "type": "whitespace",
      "start": 289,
      "end": 290,
      "value": " "
    },
    {
      "type": "operator",
      "start": 290,
      "end": 291,
      "value": "="
    },
    {
      "type": "whitespace",
      "start": 291,
      "end": 292,
      "value": " "
    },
    {
      "type": "word",
      "start": 292,
      "end": 303,
      "value": "triangleLen"
    },
    {
      "type": "whitespace",
      "start": 303,
      "end": 304,
      "value": " "
    },
    {
      "type": "brace",
      "start": 304,
      "end": 305,
      "value": "}"
    },
    {
      "type": "comma",
      "start": 305,
      "end": 306,
      "value": ","
    },
    {
      "type": "whitespace",
      "start": 306,
      "end": 307,
      "value": " "
    },
    {
      "type": "operator",
      "start": 307,
      "end": 308,
      "value": "%"
    },
    {
      "type": "comma",
      "start": 308,
      "end": 309,
      "value": ","
    },
    {
      "type": "whitespace",
      "start": 309,
      "end": 310,
      "value": " "
    },
    {
      "type": "dollar",
      "start": 310,
      "end": 311,
      "value": "$"
    },
    {
      "type": "word",
      "start": 311,
      "end": 312,
      "value": "b"
    },
    {
      "type": "brace",
      "start": 312,
      "end": 313,
      "value": ")"
    },
    {
      "type": "whitespace",
      "start": 313,
      "end": 316,
      "value": "\n  "
    },
    {
      "type": "operator",
      "start": 316,
      "end": 318,
      "value": "|>"
    },
    {
      "type": "whitespace",
      "start": 318,
      "end": 319,
      "value": " "
    },
    {
      "type": "word",
      "start": 319,
      "end": 329,
      "value": "angledLine"
    },
    {
      "type": "brace",
      "start": 329,
      "end": 330,
      "value": "("
    },
    {
      "type": "brace",
      "start": 330,
      "end": 331,
      "value": "{"
    },
    {
      "type": "whitespace",
      "start": 331,
      "end": 332,
      "value": " "
    },
    {
      "type": "word",
      "start": 332,
      "end": 337,
      "value": "angle"
    },
    {
      "type": "whitespace",
      "start": 337,
      "end": 338,
      "value": " "
    },
    {
      "type": "operator",
      "start": 338,
      "end": 339,
      "value": "="
    },
    {
      "type": "whitespace",
      "start": 339,
      "end": 340,
      "value": " "
    },
    {
      "type": "number",
      "start": 340,
      "end": 343,
      "value": "300"
    },
    {
      "type": "comma",
      "start": 343,
      "end": 344,
      "value": ","
    },
    {
      "type": "whitespace",
      "start": 344,
      "end": 345,
      "value": " "
    },
    {
      "type": "word",
      "start": 345,
      "end": 351,
      "value": "length"
    },
    {
      "type": "whitespace",
      "start": 351,
      "end": 352,
      "value": " "
    },
    {
      "type": "operator",
      "start": 352,
      "end": 353,
      "value": "="
    },
    {
      "type": "whitespace",
      "start": 353,
      "end": 354,
      "value": " "
    },
    {
      "type": "word",
      "start": 354,
      "end": 365,
      "value": "triangleLen"
    },
    {
      "type": "whitespace",
      "start": 365,
      "end": 366,
      "value": " "
    },
    {
      "type": "brace",
      "start": 366,
      "end": 367,
      "value": "}"
    },
    {
      "type": "comma",
      "start": 367,
      "end": 368,
      "value": ","
    },
    {
      "type": "whitespace",
      "start": 368,
      "end": 369,
      "value": " "
    },
    {
      "type": "operator",
      "start": 369,
      "end": 370,
      "value": "%"
    },
    {
      "type": "comma",
      "start": 370,
      "end": 371,
      "value": ","
    },
    {
      "type": "whitespace",
      "start": 371,
      "end": 372,
      "value": " "
    },
    {
      "type": "dollar",
      "start": 372,
      "end": 373,
      "value": "$"
    },
    {
      "type": "word",
      "start": 373,
      "end": 374,
      "value": "c"
    },
    {
      "type": "brace",
      "start": 374,
      "end": 375,
      "value": ")"
    },
    {
      "type": "whitespace",
      "start": 375,
      "end": 378,
      "value": "\n  "
    },
    {
      "type": "operator",
      "start": 378,
      "end": 380,
      "value": "|>"
    },
    {
      "type": "whitespace",
      "start": 380,
      "end": 381,
      "value": " "
    },
    {
      "type": "word",
      "start": 381,
      "end": 388,
      "value": "extrude"
    },
    {
      "type": "brace",
      "start": 388,
      "end": 389,
      "value": "("
    },
    {
      "type": "word",
      "start": 389,
      "end": 403,
      "value": "triangleHeight"
    },
    {
      "type": "comma",
      "start": 403,
      "end": 404,
      "value": ","
    },
    {
      "type": "whitespace",
      "start": 404,
      "end": 405,
      "value": " "
    },
    {
      "type": "operator",
      "start": 405,
      "end": 406,
      "value": "%"
    },
    {
      "type": "brace",
      "start": 406,
      "end": 407,
      "value": ")"
    },
    {
      "type": "whitespace",
      "start": 407,
      "end": 409,
      "value": "\n\n"
    },
    {
      "type": "keyword",
      "start": 409,
      "end": 411,
      "value": "fn"
    },
    {
      "type": "whitespace",
      "start": 411,
      "end": 412,
      "value": " "
    },
    {
      "type": "word",
      "start": 412,
      "end": 417,
      "value": "circl"
    },
    {
      "type": "whitespace",
      "start": 417,
      "end": 418,
      "value": " "
    },
    {
      "type": "operator",
      "start": 418,
      "end": 419,
      "value": "="
    },
    {
      "type": "whitespace",
      "start": 419,
      "end": 420,
      "value": " "
    },
    {
      "type": "brace",
      "start": 420,
      "end": 421,
      "value": "("
    },
    {
      "type": "word",
      "start": 421,
      "end": 422,
      "value": "x"
    },
    {
      "type": "comma",
      "start": 422,
      "end": 423,
      "value": ","
    },
    {
      "type": "whitespace",
      "start": 423,
      "end": 424,
      "value": " "
    },
    {
      "type": "word",
      "start": 424,
      "end": 428,
      "value": "face"
    },
    {
      "type": "brace",
      "start": 428,
      "end": 429,
      "value": ")"
    },
    {
      "type": "whitespace",
      "start": 429,
      "end": 430,
      "value": " "
    },
    {
      "type": "operator",
      "start": 430,
      "end": 432,
      "value": "=>"
    },
    {
      "type": "whitespace",
      "start": 432,
      "end": 433,
      "value": " "
    },
    {
      "type": "brace",
      "start": 433,
      "end": 434,
      "value": "{"
    },
    {
      "type": "whitespace",
      "start": 434,
      "end": 437,
      "value": "\n  "
    },
    {
      "type": "keyword",
      "start": 437,
      "end": 443,
      "value": "return"
    },
    {
      "type": "whitespace",
      "start": 443,
      "end": 444,
      "value": " "
    },
    {
      "type": "word",
      "start": 444,
      "end": 457,
      "value": "startSketchOn"
    },
    {
      "type": "brace",
      "start": 457,
      "end": 458,
      "value": "("
    },
    {
      "type": "word",
      "start": 458,
      "end": 459,
      "value": "p"
    },
    {
      "type": "comma",
      "start": 459,
      "end": 460,
      "value": ","
    },
    {
      "type": "whitespace",
      "start": 460,
      "end": 461,
      "value": " "
    },
    {
      "type": "word",
      "start": 461,
      "end": 465,
      "value": "face"
    },
    {
      "type": "brace",
      "start": 465,
      "end": 466,
      "value": ")"
    },
    {
      "type": "whitespace",
      "start": 466,
      "end": 471,
      "value": "\n    "
    },
    {
      "type": "operator",
      "start": 471,
      "end": 473,
      "value": "|>"
    },
    {
      "type": "whitespace",
      "start": 473,
      "end": 474,
      "value": " "
    },
    {
      "type": "word",
      "start": 474,
      "end": 488,
      "value": "startProfileAt"
    },
    {
      "type": "brace",
      "start": 488,
      "end": 489,
      "value": "("
    },
    {
      "type": "brace",
      "start": 489,
      "end": 490,
      "value": "["
    },
    {
      "type": "word",
      "start": 490,
      "end": 491,
      "value": "x"
    },
    {
      "type": "whitespace",
      "start": 491,
      "end": 492,
      "value": " "
    },
    {
      "type": "operator",
      "start": 492,
      "end": 493,
      "value": "+"
    },
    {
      "type": "whitespace",
      "start": 493,
      "end": 494,
      "value": " "
    },
    {
      "type": "word",
      "start": 494,
      "end": 500,
      "value": "radius"
    },
    {
      "type": "comma",
      "start": 500,
      "end": 501,
      "value": ","
    },
    {
      "type": "whitespace",
      "start": 501,
      "end": 502,
      "value": " "
    },
    {
      "type": "word",
      "start": 502,
      "end": 516,
      "value": "triangleHeight"
    },
    {
      "type": "whitespace",
      "start": 516,
      "end": 517,
      "value": " "
    },
    {
      "type": "operator",
      "start": 517,
      "end": 518,
      "value": "/"
    },
    {
      "type": "whitespace",
      "start": 518,
      "end": 519,
      "value": " "
    },
    {
      "type": "number",
      "start": 519,
      "end": 520,
      "value": "2"
    },
    {
      "type": "brace",
      "start": 520,
      "end": 521,
      "value": "]"
    },
    {
      "type": "comma",
      "start": 521,
      "end": 522,
      "value": ","
    },
    {
      "type": "whitespace",
      "start": 522,
      "end": 523,
      "value": " "
    },
    {
      "type": "operator",
      "start": 523,
      "end": 524,
      "value": "%"
    },
    {
      "type": "brace",
      "start": 524,
      "end": 525,
      "value": ")"
    },
    {
      "type": "whitespace",
      "start": 525,
      "end": 530,
      "value": "\n    "
    },
    {
      "type": "operator",
      "start": 530,
      "end": 532,
      "value": "|>"
    },
    {
      "type": "whitespace",
      "start": 532,
      "end": 533,
      "value": " "
    },
    {
      "type": "word",
      "start": 533,
      "end": 536,
      "value": "arc"
    },
    {
      "type": "brace",
      "start": 536,
      "end": 537,
      "value": "("
    },
    {
      "type": "word",
      "start": 537,
      "end": 541,
      "value": "circ"
    },
    {
      "type": "comma",
      "start": 541,
      "end": 542,
      "value": ","
    },
    {
      "type": "whitespace",
      "start": 542,
      "end": 543,
      "value": " "
    },
    {
      "type": "operator",
      "start": 543,
      "end": 544,
      "value": "%"
    },
    {
      "type": "comma",
      "start": 544,
      "end": 545,
      "value": ","
    },
    {
      "type": "whitespace",
      "start": 545,
      "end": 546,
      "value": " "
    },
    {
      "type": "dollar",
      "start": 546,
      "end": 547,
      "value": "$"
    },
    {
      "type": "word",
      "start": 547,
      "end": 554,
      "value": "arc_tag"
    },
    {
      "type": "brace",
      "start": 554,
      "end": 555,
      "value": ")"
    },
    {
      "type": "whitespace",
      "start": 555,
      "end": 560,
      "value": "\n    "
    },
    {
      "type": "operator",
      "start": 560,
      "end": 562,
      "value": "|>"
    },
    {
      "type": "whitespace",
      "start": 562,
      "end": 563,
      "value": " "
    },
    {
      "type": "word",
      "start": 563,
      "end": 568,
      "value": "close"
    },
    {
      "type": "brace",
      "start": 568,
      "end": 569,
      "value": "("
    },
    {
      "type": "operator",
      "start": 569,
      "end": 570,
      "value": "%"
    },
    {
      "type": "brace",
      "start": 570,
      "end": 571,
      "value": ")"
    },
    {
      "type": "whitespace",
      "start": 571,
      "end": 572,
      "value": "\n"
    },
    {
      "type": "brace",
      "start": 572,
      "end": 573,
      "value": "}"
    },
    {
      "type": "whitespace",
      "start": 573,
      "end": 575,
      "value": "\n\n"
    },
    {
      "type": "word",
      "start": 575,
      "end": 577,
      "value": "c1"
    },
    {
      "type": "whitespace",
      "start": 577,
      "end": 578,
      "value": " "
    },
    {
      "type": "operator",
      "start": 578,
      "end": 579,
      "value": "="
    },
    {
      "type": "whitespace",
      "start": 579,
      "end": 580,
      "value": " "
    },
    {
      "type": "word",
      "start": 580,
      "end": 585,
      "value": "circl"
    },
    {
      "type": "brace",
      "start": 585,
      "end": 586,
      "value": "("
    },
    {
      "type": "operator",
      "start": 586,
      "end": 587,
      "value": "-"
    },
    {
      "type": "number",
      "start": 587,
      "end": 590,
      "value": "200"
    },
    {
      "type": "comma",
      "start": 590,
      "end": 591,
      "value": ","
    },
    {
      "type": "whitespace",
      "start": 591,
      "end": 592,
      "value": " "
    },
    {
      "type": "word",
      "start": 592,
      "end": 593,
      "value": "c"
    },
    {
      "type": "brace",
      "start": 593,
      "end": 594,
      "value": ")"
    },
    {
      "type": "whitespace",
      "start": 594,
      "end": 595,
      "value": "\n"
    },
    {
      "type": "word",
      "start": 595,
      "end": 603,
      "value": "plumbus1"
    },
    {
      "type": "whitespace",
      "start": 603,
      "end": 604,
      "value": " "
    },
    {
      "type": "operator",
      "start": 604,
      "end": 605,
      "value": "="
    },
    {
      "type": "whitespace",
      "start": 605,
      "end": 606,
      "value": " "
    },
    {
      "type": "word",
      "start": 606,
      "end": 608,
      "value": "c1"
    },
    {
      "type": "whitespace",
      "start": 608,
      "end": 611,
      "value": "\n  "
    },
    {
      "type": "operator",
      "start": 611,
      "end": 613,
      "value": "|>"
    },
    {
      "type": "whitespace",
      "start": 613,
      "end": 614,
      "value": " "
    },
    {
      "type": "word",
      "start": 614,
      "end": 621,
      "value": "extrude"
    },
    {
      "type": "brace",
      "start": 621,
      "end": 622,
      "value": "("
    },
    {
      "type": "word",
      "start": 622,
      "end": 632,
      "value": "plumbusLen"
    },
    {
      "type": "comma",
      "start": 632,
      "end": 633,
      "value": ","
    },
    {
      "type": "whitespace",
      "start": 633,
      "end": 634,
      "value": " "
    },
    {
      "type": "operator",
      "start": 634,
      "end": 635,
      "value": "%"
    },
    {
      "type": "brace",
      "start": 635,
      "end": 636,
      "value": ")"
    },
    {
      "type": "whitespace",
      "start": 636,
      "end": 639,
      "value": "\n  "
    },
    {
      "type": "operator",
      "start": 639,
      "end": 641,
      "value": "|>"
    },
    {
      "type": "whitespace",
      "start": 641,
      "end": 642,
      "value": " "
    },
    {
      "type": "word",
      "start": 642,
      "end": 648,
      "value": "fillet"
    },
    {
      "type": "brace",
      "start": 648,
      "end": 649,
      "value": "("
    },
    {
      "type": "brace",
      "start": 649,
      "end": 650,
      "value": "{"
    },
    {
      "type": "whitespace",
      "start": 650,
      "end": 658,
      "value": "\n       "
    },
    {
      "type": "word",
      "start": 658,
      "end": 664,
      "value": "radius"
    },
    {
      "type": "whitespace",
      "start": 664,
      "end": 665,
      "value": " "
    },
    {
      "type": "operator",
      "start": 665,
      "end": 666,
      "value": "="
    },
    {
      "type": "whitespace",
      "start": 666,
      "end": 667,
      "value": " "
    },
    {
      "type": "number",
      "start": 667,
      "end": 668,
      "value": "5"
    },
    {
      "type": "comma",
      "start": 668,
      "end": 669,
      "value": ","
    },
    {
      "type": "whitespace",
      "start": 669,
      "end": 677,
      "value": "\n       "
    },
    {
      "type": "word",
      "start": 677,
      "end": 681,
      "value": "tags"
    },
    {
      "type": "whitespace",
      "start": 681,
      "end": 682,
      "value": " "
    },
    {
      "type": "operator",
      "start": 682,
      "end": 683,
      "value": "="
    },
    {
      "type": "whitespace",
      "start": 683,
      "end": 684,
      "value": " "
    },
    {
      "type": "brace",
      "start": 684,
      "end": 685,
      "value": "["
    },
    {
      "type": "whitespace",
      "start": 685,
      "end": 695,
      "value": "\n         "
    },
    {
      "type": "word",
      "start": 695,
      "end": 697,
      "value": "c1"
    },
    {
      "type": "period",
      "start": 697,
      "end": 698,
      "value": "."
    },
    {
      "type": "word",
      "start": 698,
      "end": 702,
      "value": "tags"
    },
    {
      "type": "period",
      "start": 702,
      "end": 703,
      "value": "."
    },
    {
      "type": "word",
      "start": 703,
      "end": 710,
      "value": "arc_tag"
    },
    {
      "type": "comma",
      "start": 710,
      "end": 711,
      "value": ","
    },
    {
      "type": "whitespace",
      "start": 711,
      "end": 721,
      "value": "\n         "
    },
    {
      "type": "word",
      "start": 721,
      "end": 736,
      "value": "getOppositeEdge"
    },
    {
      "type": "brace",
      "start": 736,
      "end": 737,
      "value": "("
    },
    {
      "type": "word",
      "start": 737,
      "end": 739,
      "value": "c1"
    },
    {
      "type": "period",
      "start": 739,
      "end": 740,
      "value": "."
    },
    {
      "type": "word",
      "start": 740,
      "end": 744,
      "value": "tags"
    },
    {
      "type": "period",
      "start": 744,
      "end": 745,
      "value": "."
    },
    {
      "type": "word",
      "start": 745,
      "end": 752,
      "value": "arc_tag"
    },
    {
      "type": "brace",
      "start": 752,
      "end": 753,
      "value": ")"
    },
    {
      "type": "whitespace",
      "start": 753,
      "end": 761,
      "value": "\n       "
    },
    {
      "type": "brace",
      "start": 761,
      "end": 762,
      "value": "]"
    },
    {
      "type": "whitespace",
      "start": 762,
      "end": 768,
      "value": "\n     "
    },
    {
      "type": "brace",
      "start": 768,
      "end": 769,
      "value": "}"
    },
    {
      "type": "comma",
      "start": 769,
      "end": 770,
      "value": ","
    },
    {
      "type": "whitespace",
      "start": 770,
      "end": 771,
      "value": " "
    },
    {
      "type": "operator",
      "start": 771,
      "end": 772,
      "value": "%"
    },
    {
      "type": "brace",
      "start": 772,
      "end": 773,
      "value": ")"
    },
    {
      "type": "whitespace",
      "start": 773,
      "end": 774,
      "value": "\n"
    },
    {
      "type": "word",
      "start": 774,
      "end": 776,
      "value": "c2"
    },
    {
      "type": "whitespace",
      "start": 776,
      "end": 777,
      "value": " "
    },
    {
      "type": "operator",
      "start": 777,
      "end": 778,
      "value": "="
    },
    {
      "type": "whitespace",
      "start": 778,
      "end": 779,
      "value": " "
    },
    {
      "type": "word",
      "start": 779,
      "end": 784,
      "value": "circl"
    },
    {
      "type": "brace",
      "start": 784,
      "end": 785,
      "value": "("
    },
    {
      "type": "number",
      "start": 785,
      "end": 788,
      "value": "200"
    },
    {
      "type": "comma",
      "start": 788,
      "end": 789,
      "value": ","
    },
    {
      "type": "whitespace",
      "start": 789,
      "end": 790,
      "value": " "
    },
    {
      "type": "word",
      "start": 790,
      "end": 791,
      "value": "a"
    },
    {
      "type": "brace",
      "start": 791,
      "end": 792,
      "value": ")"
    },
    {
      "type": "whitespace",
      "start": 792,
      "end": 793,
      "value": "\n"
    },
    {
      "type": "word",
      "start": 793,
      "end": 801,
      "value": "plumbus0"
    },
    {
      "type": "whitespace",
      "start": 801,
      "end": 802,
      "value": " "
    },
    {
      "type": "operator",
      "start": 802,
      "end": 803,
      "value": "="
    },
    {
      "type": "whitespace",
      "start": 803,
      "end": 804,
      "value": " "
    },
    {
      "type": "word",
      "start": 804,
      "end": 806,
      "value": "c2"
    },
    {
      "type": "whitespace",
      "start": 806,
      "end": 809,
      "value": "\n  "
    },
    {
      "type": "operator",
      "start": 809,
      "end": 811,
      "value": "|>"
    },
    {
      "type": "whitespace",
      "start": 811,
      "end": 812,
      "value": " "
    },
    {
      "type": "word",
      "start": 812,
      "end": 819,
      "value": "extrude"
    },
    {
      "type": "brace",
      "start": 819,
      "end": 820,
      "value": "("
    },
    {
      "type": "word",
      "start": 820,
      "end": 830,
      "value": "plumbusLen"
    },
    {
      "type": "comma",
      "start": 830,
      "end": 831,
      "value": ","
    },
    {
      "type": "whitespace",
      "start": 831,
      "end": 832,
      "value": " "
    },
    {
      "type": "operator",
      "start": 832,
      "end": 833,
      "value": "%"
    },
    {
      "type": "brace",
      "start": 833,
      "end": 834,
      "value": ")"
    },
    {
      "type": "whitespace",
      "start": 834,
      "end": 837,
      "value": "\n  "
    },
    {
      "type": "operator",
      "start": 837,
      "end": 839,
      "value": "|>"
    },
    {
      "type": "whitespace",
      "start": 839,
      "end": 840,
      "value": " "
    },
    {
      "type": "word",
      "start": 840,
      "end": 846,
      "value": "fillet"
    },
    {
      "type": "brace",
      "start": 846,
      "end": 847,
      "value": "("
    },
    {
      "type": "brace",
      "start": 847,
      "end": 848,
      "value": "{"
    },
    {
      "type": "whitespace",
      "start": 848,
      "end": 856,
      "value": "\n       "
    },
    {
      "type": "word",
      "start": 856,
      "end": 862,
      "value": "radius"
    },
    {
      "type": "whitespace",
      "start": 862,
      "end": 863,
      "value": " "
    },
    {
      "type": "operator",
      "start": 863,
      "end": 864,
      "value": "="
    },
    {
      "type": "whitespace",
      "start": 864,
      "end": 865,
      "value": " "
    },
    {
      "type": "number",
      "start": 865,
      "end": 866,
      "value": "5"
    },
    {
      "type": "comma",
      "start": 866,
      "end": 867,
      "value": ","
    },
    {
      "type": "whitespace",
      "start": 867,
      "end": 875,
      "value": "\n       "
    },
    {
      "type": "word",
      "start": 875,
      "end": 879,
      "value": "tags"
    },
    {
      "type": "whitespace",
      "start": 879,
      "end": 880,
      "value": " "
    },
    {
      "type": "operator",
      "start": 880,
      "end": 881,
      "value": "="
    },
    {
      "type": "whitespace",
      "start": 881,
      "end": 882,
      "value": " "
    },
    {
      "type": "brace",
      "start": 882,
      "end": 883,
      "value": "["
    },
    {
      "type": "whitespace",
      "start": 883,
      "end": 893,
      "value": "\n         "
    },
    {
      "type": "word",
      "start": 893,
      "end": 895,
      "value": "c2"
    },
    {
      "type": "period",
      "start": 895,
      "end": 896,
      "value": "."
    },
    {
      "type": "word",
      "start": 896,
      "end": 900,
      "value": "tags"
    },
    {
      "type": "period",
      "start": 900,
      "end": 901,
      "value": "."
    },
    {
      "type": "word",
      "start": 901,
      "end": 908,
      "value": "arc_tag"
    },
    {
      "type": "comma",
      "start": 908,
      "end": 909,
      "value": ","
    },
    {
      "type": "whitespace",
      "start": 909,
      "end": 919,
      "value": "\n         "
    },
    {
      "type": "word",
      "start": 919,
      "end": 934,
      "value": "getOppositeEdge"
    },
    {
      "type": "brace",
      "start": 934,
      "end": 935,
      "value": "("
    },
    {
      "type": "word",
      "start": 935,
      "end": 937,
      "value": "c2"
    },
    {
      "type": "period",
      "start": 937,
      "end": 938,
      "value": "."
    },
    {
      "type": "word",
      "start": 938,
      "end": 942,
      "value": "tags"
    },
    {
      "type": "period",
      "start": 942,
      "end": 943,
      "value": "."
    },
    {
      "type": "word",
      "start": 943,
      "end": 950,
      "value": "arc_tag"
    },
    {
      "type": "brace",
      "start": 950,
      "end": 951,
      "value": ")"
    },
    {
      "type": "whitespace",
      "start": 951,
      "end": 959,
      "value": "\n       "
    },
    {
      "type": "brace",
      "start": 959,
      "end": 960,
      "value": "]"
    },
    {
      "type": "whitespace",
      "start": 960,
      "end": 966,
      "value": "\n     "
    },
    {
      "type": "brace",
      "start": 966,
      "end": 967,
      "value": "}"
    },
    {
      "type": "comma",
      "start": 967,
      "end": 968,
      "value": ","
    },
    {
      "type": "whitespace",
      "start": 968,
      "end": 969,
      "value": " "
    },
    {
      "type": "operator",
      "start": 969,
      "end": 970,
      "value": "%"
    },
    {
      "type": "brace",
      "start": 970,
      "end": 971,
      "value": ")"
    },
    {
      "type": "whitespace",
      "start": 971,
      "end": 972,
      "value": "\n"
    }
  ]
}
