---
source: kcl/src/simulation_tests.rs
assertion_line: 51
description: Result of tokenizing sketch_in_object.kcl
snapshot_kind: text
---
{
  "Ok": [
    {
      "type": "keyword",
      "start": 0,
      "end": 2,
      "value": "fn"
    },
    {
      "type": "whitespace",
      "start": 2,
      "end": 3,
      "value": " "
    },
    {
      "type": "word",
      "start": 3,
      "end": 7,
      "value": "test"
    },
    {
      "type": "whitespace",
      "start": 7,
      "end": 8,
      "value": " "
    },
    {
      "type": "operator",
      "start": 8,
      "end": 9,
      "value": "="
    },
    {
      "type": "whitespace",
      "start": 9,
      "end": 10,
      "value": " "
    },
    {
      "type": "brace",
      "start": 10,
      "end": 11,
      "value": "("
    },
    {
      "type": "brace",
      "start": 11,
      "end": 12,
      "value": ")"
    },
    {
      "type": "whitespace",
      "start": 12,
      "end": 13,
      "value": " "
    },
    {
      "type": "operator",
      "start": 13,
      "end": 15,
      "value": "=>"
    },
    {
      "type": "whitespace",
      "start": 15,
      "end": 16,
      "value": " "
    },
    {
      "type": "brace",
      "start": 16,
      "end": 17,
      "value": "{"
    },
    {
      "type": "whitespace",
      "start": 17,
      "end": 20,
      "value": "\n  "
    },
    {
      "type": "keyword",
      "start": 20,
      "end": 26,
      "value": "return"
    },
    {
      "type": "whitespace",
      "start": 26,
      "end": 27,
      "value": " "
    },
    {
      "type": "word",
      "start": 27,
      "end": 40,
      "value": "startSketchOn"
    },
    {
      "type": "brace",
      "start": 40,
      "end": 41,
      "value": "("
    },
    {
      "type": "string",
      "start": 41,
      "end": 45,
      "value": "'XY'"
    },
    {
      "type": "brace",
      "start": 45,
      "end": 46,
      "value": ")"
    },
    {
      "type": "whitespace",
      "start": 46,
      "end": 51,
      "value": "\n    "
    },
    {
      "type": "operator",
      "start": 51,
      "end": 53,
      "value": "|>"
    },
    {
      "type": "whitespace",
      "start": 53,
      "end": 54,
      "value": " "
    },
    {
      "type": "word",
      "start": 54,
      "end": 68,
      "value": "startProfileAt"
    },
    {
      "type": "brace",
      "start": 68,
      "end": 69,
      "value": "("
    },
    {
      "type": "brace",
      "start": 69,
      "end": 70,
      "value": "["
    },
    {
      "type": "number",
      "start": 70,
      "end": 71,
      "value": "0"
    },
    {
      "type": "comma",
      "start": 71,
      "end": 72,
      "value": ","
    },
    {
      "type": "whitespace",
      "start": 72,
      "end": 73,
      "value": " "
    },
    {
      "type": "number",
      "start": 73,
      "end": 74,
      "value": "0"
    },
    {
      "type": "brace",
      "start": 74,
      "end": 75,
      "value": "]"
    },
    {
      "type": "comma",
      "start": 75,
      "end": 76,
      "value": ","
    },
    {
      "type": "whitespace",
      "start": 76,
      "end": 77,
      "value": " "
    },
    {
      "type": "operator",
      "start": 77,
      "end": 78,
      "value": "%"
    },
    {
      "type": "brace",
      "start": 78,
      "end": 79,
      "value": ")"
    },
    {
      "type": "whitespace",
      "start": 79,
      "end": 84,
      "value": "\n    "
    },
    {
      "type": "operator",
      "start": 84,
      "end": 86,
      "value": "|>"
    },
    {
      "type": "whitespace",
      "start": 86,
      "end": 87,
      "value": " "
    },
    {
      "type": "word",
      "start": 87,
      "end": 91,
      "value": "line"
    },
    {
      "type": "brace",
      "start": 91,
      "end": 92,
      "value": "("
    },
    {
      "type": "brace",
      "start": 92,
      "end": 93,
      "value": "["
    },
    {
      "type": "number",
      "start": 93,
      "end": 94,
      "value": "0"
    },
    {
      "type": "comma",
      "start": 94,
      "end": 95,
      "value": ","
    },
    {
      "type": "whitespace",
      "start": 95,
      "end": 96,
      "value": " "
    },
    {
      "type": "number",
      "start": 96,
      "end": 97,
      "value": "1"
    },
    {
      "type": "brace",
      "start": 97,
      "end": 98,
      "value": "]"
    },
    {
      "type": "comma",
      "start": 98,
      "end": 99,
      "value": ","
    },
    {
      "type": "whitespace",
      "start": 99,
      "end": 100,
      "value": " "
    },
    {
      "type": "operator",
      "start": 100,
      "end": 101,
      "value": "%"
    },
    {
      "type": "brace",
      "start": 101,
      "end": 102,
      "value": ")"
    },
    {
      "type": "whitespace",
      "start": 102,
      "end": 107,
      "value": "\n    "
    },
    {
      "type": "operator",
      "start": 107,
      "end": 109,
      "value": "|>"
    },
    {
      "type": "whitespace",
      "start": 109,
      "end": 110,
      "value": " "
    },
    {
      "type": "word",
      "start": 110,
      "end": 114,
      "value": "line"
    },
    {
      "type": "brace",
      "start": 114,
      "end": 115,
      "value": "("
    },
    {
      "type": "brace",
      "start": 115,
      "end": 116,
      "value": "["
    },
    {
      "type": "number",
      "start": 116,
      "end": 117,
      "value": "1"
    },
    {
      "type": "comma",
      "start": 117,
      "end": 118,
      "value": ","
    },
    {
      "type": "whitespace",
      "start": 118,
      "end": 119,
      "value": " "
    },
    {
      "type": "number",
      "start": 119,
      "end": 120,
      "value": "0"
    },
    {
      "type": "brace",
      "start": 120,
      "end": 121,
      "value": "]"
    },
    {
      "type": "comma",
      "start": 121,
      "end": 122,
      "value": ","
    },
    {
      "type": "whitespace",
      "start": 122,
      "end": 123,
      "value": " "
    },
    {
      "type": "operator",
      "start": 123,
      "end": 124,
      "value": "%"
    },
    {
      "type": "brace",
      "start": 124,
      "end": 125,
      "value": ")"
    },
    {
      "type": "whitespace",
      "start": 125,
      "end": 130,
      "value": "\n    "
    },
    {
      "type": "operator",
      "start": 130,
      "end": 132,
      "value": "|>"
    },
    {
      "type": "whitespace",
      "start": 132,
      "end": 133,
      "value": " "
    },
    {
      "type": "word",
      "start": 133,
      "end": 137,
      "value": "line"
    },
    {
      "type": "brace",
      "start": 137,
      "end": 138,
      "value": "("
    },
    {
      "type": "brace",
      "start": 138,
      "end": 139,
      "value": "["
    },
    {
      "type": "number",
      "start": 139,
      "end": 140,
      "value": "0"
    },
    {
      "type": "comma",
      "start": 140,
      "end": 141,
      "value": ","
    },
    {
      "type": "whitespace",
      "start": 141,
      "end": 142,
      "value": " "
    },
    {
      "type": "operator",
      "start": 142,
      "end": 143,
      "value": "-"
    },
    {
      "type": "number",
      "start": 143,
      "end": 144,
      "value": "1"
    },
    {
      "type": "brace",
      "start": 144,
      "end": 145,
      "value": "]"
    },
    {
      "type": "comma",
      "start": 145,
      "end": 146,
      "value": ","
    },
    {
      "type": "whitespace",
      "start": 146,
      "end": 147,
      "value": " "
    },
    {
      "type": "operator",
      "start": 147,
      "end": 148,
      "value": "%"
    },
    {
      "type": "brace",
      "start": 148,
      "end": 149,
      "value": ")"
    },
    {
      "type": "whitespace",
      "start": 149,
      "end": 154,
      "value": "\n    "
    },
    {
      "type": "operator",
      "start": 154,
      "end": 156,
      "value": "|>"
    },
    {
      "type": "whitespace",
      "start": 156,
      "end": 157,
      "value": " "
    },
    {
      "type": "word",
      "start": 157,
      "end": 162,
      "value": "close"
    },
    {
      "type": "brace",
      "start": 162,
      "end": 163,
      "value": "("
    },
    {
      "type": "operator",
      "start": 163,
      "end": 164,
      "value": "%"
    },
    {
      "type": "brace",
      "start": 164,
      "end": 165,
      "value": ")"
    },
    {
      "type": "whitespace",
      "start": 165,
      "end": 166,
      "value": "\n"
    },
    {
      "type": "brace",
      "start": 166,
      "end": 167,
      "value": "}"
    },
    {
      "type": "whitespace",
      "start": 167,
      "end": 169,
      "value": "\n\n"
    },
    {
      "type": "keyword",
      "start": 169,
      "end": 171,
      "value": "fn"
    },
    {
      "type": "whitespace",
      "start": 171,
      "end": 172,
      "value": " "
    },
    {
      "type": "word",
      "start": 172,
      "end": 177,
      "value": "test2"
    },
    {
      "type": "whitespace",
      "start": 177,
      "end": 178,
      "value": " "
    },
    {
      "type": "operator",
      "start": 178,
      "end": 179,
      "value": "="
    },
    {
      "type": "whitespace",
      "start": 179,
      "end": 180,
      "value": " "
    },
    {
      "type": "brace",
      "start": 180,
      "end": 181,
      "value": "("
    },
    {
      "type": "brace",
      "start": 181,
      "end": 182,
      "value": ")"
    },
    {
      "type": "whitespace",
      "start": 182,
      "end": 183,
      "value": " "
    },
    {
      "type": "operator",
      "start": 183,
      "end": 185,
      "value": "=>"
    },
    {
      "type": "whitespace",
      "start": 185,
      "end": 186,
      "value": " "
    },
    {
      "type": "brace",
      "start": 186,
      "end": 187,
      "value": "{"
    },
    {
      "type": "whitespace",
      "start": 187,
      "end": 190,
      "value": "\n  "
    },
    {
      "type": "keyword",
      "start": 190,
      "end": 196,
      "value": "return"
    },
    {
      "type": "whitespace",
      "start": 196,
      "end": 197,
      "value": " "
    },
    {
      "type": "brace",
      "start": 197,
      "end": 198,
      "value": "{"
    },
    {
      "type": "whitespace",
      "start": 198,
      "end": 203,
      "value": "\n    "
    },
    {
      "type": "word",
      "start": 203,
      "end": 209,
      "value": "thing1"
    },
    {
      "type": "whitespace",
      "start": 209,
      "end": 210,
      "value": " "
    },
    {
      "type": "operator",
      "start": 210,
      "end": 211,
      "value": "="
    },
    {
      "type": "whitespace",
      "start": 211,
      "end": 212,
      "value": " "
    },
    {
      "type": "brace",
      "start": 212,
      "end": 213,
      "value": "{"
    },
    {
      "type": "whitespace",
      "start": 213,
      "end": 220,
      "value": "\n      "
    },
    {
      "type": "word",
      "start": 220,
      "end": 226,
      "value": "thing2"
    },
    {
      "type": "whitespace",
      "start": 226,
      "end": 227,
      "value": " "
    },
    {
      "type": "operator",
      "start": 227,
      "end": 228,
      "value": "="
    },
    {
      "type": "whitespace",
      "start": 228,
      "end": 229,
      "value": " "
    },
    {
      "type": "word",
      "start": 229,
      "end": 242,
      "value": "startSketchOn"
    },
    {
      "type": "brace",
      "start": 242,
      "end": 243,
      "value": "("
    },
    {
      "type": "string",
      "start": 243,
      "end": 247,
      "value": "'XY'"
    },
    {
      "type": "brace",
      "start": 247,
      "end": 248,
      "value": ")"
    },
    {
      "type": "whitespace",
      "start": 248,
      "end": 257,
      "value": "\n        "
    },
    {
      "type": "operator",
      "start": 257,
      "end": 259,
      "value": "|>"
    },
    {
      "type": "whitespace",
      "start": 259,
      "end": 260,
      "value": " "
    },
    {
      "type": "word",
      "start": 260,
      "end": 274,
      "value": "startProfileAt"
    },
    {
      "type": "brace",
      "start": 274,
      "end": 275,
      "value": "("
    },
    {
      "type": "brace",
      "start": 275,
      "end": 276,
      "value": "["
    },
    {
      "type": "number",
      "start": 276,
      "end": 277,
      "value": "0"
    },
    {
      "type": "comma",
      "start": 277,
      "end": 278,
      "value": ","
    },
    {
      "type": "whitespace",
      "start": 278,
      "end": 279,
      "value": " "
    },
    {
      "type": "number",
      "start": 279,
      "end": 280,
      "value": "0"
    },
    {
      "type": "brace",
      "start": 280,
      "end": 281,
      "value": "]"
    },
    {
      "type": "comma",
      "start": 281,
      "end": 282,
      "value": ","
    },
    {
      "type": "whitespace",
      "start": 282,
      "end": 283,
      "value": " "
    },
    {
      "type": "operator",
      "start": 283,
      "end": 284,
      "value": "%"
    },
    {
      "type": "brace",
      "start": 284,
      "end": 285,
      "value": ")"
    },
    {
      "type": "whitespace",
      "start": 285,
      "end": 294,
      "value": "\n        "
    },
    {
      "type": "operator",
      "start": 294,
      "end": 296,
      "value": "|>"
    },
    {
      "type": "whitespace",
      "start": 296,
      "end": 297,
      "value": " "
    },
    {
      "type": "word",
      "start": 297,
      "end": 301,
      "value": "line"
    },
    {
      "type": "brace",
      "start": 301,
      "end": 302,
      "value": "("
    },
    {
      "type": "brace",
      "start": 302,
      "end": 303,
      "value": "["
    },
    {
      "type": "number",
      "start": 303,
      "end": 304,
      "value": "0"
    },
    {
      "type": "comma",
      "start": 304,
      "end": 305,
      "value": ","
    },
    {
      "type": "whitespace",
      "start": 305,
      "end": 306,
      "value": " "
    },
    {
      "type": "number",
      "start": 306,
      "end": 307,
      "value": "1"
    },
    {
      "type": "brace",
      "start": 307,
      "end": 308,
      "value": "]"
    },
    {
      "type": "comma",
      "start": 308,
      "end": 309,
      "value": ","
    },
    {
      "type": "whitespace",
      "start": 309,
      "end": 310,
      "value": " "
    },
    {
      "type": "operator",
      "start": 310,
      "end": 311,
      "value": "%"
    },
    {
      "type": "brace",
      "start": 311,
      "end": 312,
      "value": ")"
    },
    {
      "type": "whitespace",
      "start": 312,
      "end": 321,
      "value": "\n        "
    },
    {
      "type": "operator",
      "start": 321,
      "end": 323,
      "value": "|>"
    },
    {
      "type": "whitespace",
      "start": 323,
      "end": 324,
      "value": " "
    },
    {
      "type": "word",
      "start": 324,
      "end": 328,
      "value": "line"
    },
    {
      "type": "brace",
      "start": 328,
      "end": 329,
      "value": "("
    },
    {
      "type": "brace",
      "start": 329,
      "end": 330,
      "value": "["
    },
    {
      "type": "number",
      "start": 330,
      "end": 331,
      "value": "1"
    },
    {
      "type": "comma",
      "start": 331,
      "end": 332,
      "value": ","
    },
    {
      "type": "whitespace",
      "start": 332,
      "end": 333,
      "value": " "
    },
    {
      "type": "number",
      "start": 333,
      "end": 334,
      "value": "0"
    },
    {
      "type": "brace",
      "start": 334,
      "end": 335,
      "value": "]"
    },
    {
      "type": "comma",
      "start": 335,
      "end": 336,
      "value": ","
    },
    {
      "type": "whitespace",
      "start": 336,
      "end": 337,
      "value": " "
    },
    {
      "type": "operator",
      "start": 337,
      "end": 338,
      "value": "%"
    },
    {
      "type": "brace",
      "start": 338,
      "end": 339,
      "value": ")"
    },
    {
      "type": "whitespace",
      "start": 339,
      "end": 348,
      "value": "\n        "
    },
    {
      "type": "operator",
      "start": 348,
      "end": 350,
      "value": "|>"
    },
    {
      "type": "whitespace",
      "start": 350,
      "end": 351,
      "value": " "
    },
    {
      "type": "word",
      "start": 351,
      "end": 355,
      "value": "line"
    },
    {
      "type": "brace",
      "start": 355,
      "end": 356,
      "value": "("
    },
    {
      "type": "brace",
      "start": 356,
      "end": 357,
      "value": "["
    },
    {
      "type": "number",
      "start": 357,
      "end": 358,
      "value": "0"
    },
    {
      "type": "comma",
      "start": 358,
      "end": 359,
      "value": ","
    },
    {
      "type": "whitespace",
      "start": 359,
      "end": 360,
      "value": " "
    },
    {
      "type": "operator",
      "start": 360,
      "end": 361,
      "value": "-"
    },
    {
      "type": "number",
      "start": 361,
      "end": 362,
      "value": "1"
    },
    {
      "type": "brace",
      "start": 362,
      "end": 363,
      "value": "]"
    },
    {
      "type": "comma",
      "start": 363,
      "end": 364,
      "value": ","
    },
    {
      "type": "whitespace",
      "start": 364,
      "end": 365,
      "value": " "
    },
    {
      "type": "operator",
      "start": 365,
      "end": 366,
      "value": "%"
    },
    {
      "type": "brace",
      "start": 366,
      "end": 367,
      "value": ")"
    },
    {
      "type": "whitespace",
      "start": 367,
      "end": 376,
      "value": "\n        "
    },
    {
      "type": "operator",
      "start": 376,
      "end": 378,
      "value": "|>"
    },
    {
      "type": "whitespace",
      "start": 378,
      "end": 379,
      "value": " "
    },
    {
      "type": "word",
      "start": 379,
      "end": 384,
      "value": "close"
    },
    {
      "type": "brace",
      "start": 384,
      "end": 385,
      "value": "("
    },
    {
      "type": "operator",
      "start": 385,
      "end": 386,
      "value": "%"
    },
    {
      "type": "brace",
      "start": 386,
      "end": 387,
      "value": ")"
    },
    {
      "type": "whitespace",
      "start": 387,
      "end": 392,
      "value": "\n    "
    },
    {
      "type": "brace",
      "start": 392,
      "end": 393,
      "value": "}"
    },
    {
      "type": "whitespace",
      "start": 393,
      "end": 396,
      "value": "\n  "
    },
    {
      "type": "brace",
      "start": 396,
      "end": 397,
      "value": "}"
    },
    {
      "type": "whitespace",
      "start": 397,
      "end": 398,
      "value": "\n"
    },
    {
      "type": "brace",
      "start": 398,
      "end": 399,
      "value": "}"
    },
    {
      "type": "whitespace",
      "start": 399,
      "end": 401,
      "value": "\n\n"
    },
    {
      "type": "word",
      "start": 401,
      "end": 402,
      "value": "x"
    },
    {
      "type": "whitespace",
      "start": 402,
      "end": 403,
      "value": " "
    },
    {
      "type": "operator",
      "start": 403,
      "end": 404,
      "value": "="
    },
    {
      "type": "whitespace",
      "start": 404,
      "end": 405,
      "value": " "
    },
    {
      "type": "word",
      "start": 405,
      "end": 409,
      "value": "test"
    },
    {
      "type": "brace",
      "start": 409,
      "end": 410,
      "value": "("
    },
    {
      "type": "brace",
      "start": 410,
      "end": 411,
      "value": ")"
    },
    {
      "type": "whitespace",
      "start": 411,
      "end": 412,
      "value": "\n"
    },
    {
      "type": "word",
      "start": 412,
      "end": 413,
      "value": "x"
    },
    {
      "type": "whitespace",
      "start": 413,
      "end": 416,
      "value": "\n  "
    },
    {
      "type": "operator",
      "start": 416,
      "end": 418,
      "value": "|>"
    },
    {
      "type": "whitespace",
      "start": 418,
      "end": 419,
      "value": " "
    },
    {
      "type": "word",
      "start": 419,
      "end": 426,
      "value": "extrude"
    },
    {
      "type": "brace",
      "start": 426,
      "end": 427,
      "value": "("
    },
    {
      "type": "operator",
      "start": 427,
      "end": 428,
      "value": "-"
    },
    {
      "type": "number",
      "start": 428,
      "end": 430,
      "value": "10"
    },
    {
      "type": "comma",
      "start": 430,
      "end": 431,
      "value": ","
    },
    {
      "type": "whitespace",
      "start": 431,
      "end": 432,
      "value": " "
    },
    {
      "type": "operator",
      "start": 432,
      "end": 433,
      "value": "%"
    },
    {
      "type": "brace",
      "start": 433,
      "end": 434,
      "value": ")"
    },
    {
      "type": "whitespace",
      "start": 434,
      "end": 436,
      "value": "\n\n"
    },
    {
      "type": "word",
      "start": 436,
      "end": 438,
      "value": "x2"
    },
    {
      "type": "whitespace",
      "start": 438,
      "end": 439,
      "value": " "
    },
    {
      "type": "operator",
      "start": 439,
      "end": 440,
      "value": "="
    },
    {
      "type": "whitespace",
      "start": 440,
      "end": 441,
      "value": " "
    },
    {
      "type": "word",
      "start": 441,
      "end": 446,
      "value": "test2"
    },
    {
      "type": "brace",
      "start": 446,
      "end": 447,
      "value": "("
    },
    {
      "type": "brace",
      "start": 447,
      "end": 448,
      "value": ")"
    },
    {
      "type": "whitespace",
      "start": 448,
      "end": 449,
      "value": "\n"
    },
    {
      "type": "word",
      "start": 449,
      "end": 451,
      "value": "x2"
    },
    {
      "type": "period",
      "start": 451,
      "end": 452,
      "value": "."
    },
    {
      "type": "word",
      "start": 452,
      "end": 458,
      "value": "thing1"
    },
    {
      "type": "period",
      "start": 458,
      "end": 459,
      "value": "."
    },
    {
      "type": "word",
      "start": 459,
      "end": 465,
      "value": "thing2"
    },
    {
      "type": "whitespace",
      "start": 465,
      "end": 468,
      "value": "\n  "
    },
    {
      "type": "operator",
      "start": 468,
      "end": 470,
      "value": "|>"
    },
    {
      "type": "whitespace",
      "start": 470,
      "end": 471,
      "value": " "
    },
    {
      "type": "word",
      "start": 471,
      "end": 478,
      "value": "extrude"
    },
    {
      "type": "brace",
      "start": 478,
      "end": 479,
      "value": "("
    },
    {
      "type": "number",
      "start": 479,
      "end": 481,
      "value": "10"
    },
    {
      "type": "comma",
      "start": 481,
      "end": 482,
      "value": ","
    },
    {
      "type": "whitespace",
      "start": 482,
      "end": 483,
      "value": " "
    },
    {
      "type": "operator",
      "start": 483,
      "end": 484,
      "value": "%"
    },
    {
      "type": "brace",
      "start": 484,
      "end": 485,
      "value": ")"
    },
    {
      "type": "whitespace",
      "start": 485,
      "end": 486,
      "value": "\n"
    }
  ]
}
