---
source: kcl/src/simulation_tests.rs
assertion_line: 65
description: Result of parsing array_range_expr.kcl
snapshot_kind: text
---
{
  "Ok": {
    "body": [
      {
        "declarations": [
          {
            "end": 11,
            "id": {
              "end": 2,
              "name": "r1",
              "start": 0,
              "type": "Identifier"
            },
            "init": {
              "end": 11,
              "endElement": {
                "end": 10,
                "raw": "4",
                "start": 9,
                "type": "Literal",
                "type": "Literal",
                "value": 4.0
              },
              "endInclusive": true,
              "start": 5,
              "startElement": {
                "end": 7,
                "raw": "0",
                "start": 6,
                "type": "Literal",
                "type": "Literal",
                "value": 0.0
              },
              "type": "ArrayRangeExpression",
              "type": "ArrayRangeExpression"
            },
            "start": 0,
            "type": "VariableDeclarator"
          }
        ],
        "end": 11,
        "kind": "const",
        "start": 0,
        "type": "VariableDeclaration",
        "type": "VariableDeclaration"
      },
      {
        "end": 70,
        "expression": {
          "arguments": [
            {
              "computed": false,
              "end": 29,
              "object": {
                "end": 26,
                "name": "r1",
                "start": 24,
                "type": "Identifier",
                "type": "Identifier"
              },
              "property": {
                "end": 28,
                "raw": "4",
                "start": 27,
                "type": "Literal",
                "type": "Literal",
                "value": 4.0
              },
              "start": 24,
              "type": "MemberExpression",
              "type": "MemberExpression"
            },
            {
              "end": 32,
              "raw": "4",
              "start": 31,
              "type": "Literal",
              "type": "Literal",
              "value": 4.0
            },
            {
              "end": 41,
              "raw": "0.00001",
              "start": 34,
              "type": "Literal",
              "type": "Literal",
              "value": 0.00001
            },
            {
              "end": 69,
              "raw": "\"last element is included\"",
              "start": 43,
              "type": "Literal",
              "type": "Literal",
              "value": "last element is included"
            }
          ],
          "callee": {
            "end": 23,
            "name": "assertEqual",
            "start": 12,
            "type": "Identifier"
          },
          "end": 70,
          "optional": false,
          "start": 12,
          "type": "CallExpression",
          "type": "CallExpression"
        },
        "start": 12,
        "type": "ExpressionStatement",
        "type": "ExpressionStatement"
      },
      {
        "declarations": [
          {
            "end": 80,
            "id": {
              "end": 76,
              "name": "four",
              "start": 72,
              "type": "Identifier"
            },
            "init": {
              "end": 80,
              "raw": "4",
              "start": 79,
              "type": "Literal",
              "type": "Literal",
              "value": 4.0
            },
            "start": 72,
            "type": "VariableDeclarator"
          }
        ],
        "end": 80,
        "kind": "const",
        "start": 72,
        "type": "VariableDeclaration",
        "type": "VariableDeclaration"
      },
      {
        "declarations": [
          {
            "end": 89,
            "id": {
              "end": 85,
              "name": "zero",
              "start": 81,
              "type": "Identifier"
            },
            "init": {
              "end": 89,
              "raw": "0",
              "start": 88,
              "type": "Literal",
              "type": "Literal",
              "value": 0.0
            },
            "start": 81,
            "type": "VariableDeclarator"
          }
        ],
        "end": 89,
        "kind": "const",
        "start": 81,
        "type": "VariableDeclaration",
        "type": "VariableDeclaration"
      },
      {
        "declarations": [
          {
            "end": 107,
            "id": {
              "end": 92,
              "name": "r2",
              "start": 90,
              "type": "Identifier"
            },
            "init": {
              "end": 107,
              "endElement": {
                "end": 106,
                "name": "four",
                "start": 102,
                "type": "Identifier",
                "type": "Identifier"
              },
              "endInclusive": true,
              "start": 95,
              "startElement": {
                "end": 100,
                "name": "zero",
                "start": 96,
                "type": "Identifier",
                "type": "Identifier"
              },
              "type": "ArrayRangeExpression",
              "type": "ArrayRangeExpression"
            },
            "start": 90,
            "type": "VariableDeclarator"
          }
        ],
        "end": 107,
        "kind": "const",
        "start": 90,
        "type": "VariableDeclaration",
        "type": "VariableDeclaration"
      },
      {
        "end": 166,
        "expression": {
          "arguments": [
            {
              "computed": false,
              "end": 125,
              "object": {
                "end": 122,
                "name": "r2",
                "start": 120,
                "type": "Identifier",
                "type": "Identifier"
              },
              "property": {
                "end": 124,
                "raw": "4",
                "start": 123,
                "type": "Literal",
                "type": "Literal",
                "value": 4.0
              },
              "start": 120,
              "type": "MemberExpression",
              "type": "MemberExpression"
            },
            {
              "end": 128,
              "raw": "4",
              "start": 127,
              "type": "Literal",
              "type": "Literal",
              "value": 4.0
            },
            {
              "end": 137,
              "raw": "0.00001",
              "start": 130,
              "type": "Literal",
              "type": "Literal",
              "value": 0.00001
            },
            {
              "end": 165,
              "raw": "\"last element is included\"",
              "start": 139,
              "type": "Literal",
              "type": "Literal",
              "value": "last element is included"
            }
          ],
          "callee": {
            "end": 119,
            "name": "assertEqual",
            "start": 108,
            "type": "Identifier"
          },
          "end": 166,
          "optional": false,
          "start": 108,
          "type": "CallExpression",
          "type": "CallExpression"
        },
        "start": 108,
        "type": "ExpressionStatement",
        "type": "ExpressionStatement"
      },
      {
        "declarations": [
          {
            "end": 183,
            "id": {
              "end": 172,
              "name": "five",
              "start": 168,
              "type": "Identifier"
            },
            "init": {
              "end": 183,
              "left": {
                "end": 179,
                "name": "four",
                "start": 175,
                "type": "Identifier",
                "type": "Identifier"
              },
              "operator": "+",
              "right": {
                "end": 183,
                "raw": "1",
                "start": 182,
                "type": "Literal",
                "type": "Literal",
                "value": 1.0
              },
              "start": 175,
              "type": "BinaryExpression",
              "type": "BinaryExpression"
            },
            "start": 168,
            "type": "VariableDeclarator"
          }
        ],
        "end": 183,
        "kind": "const",
        "start": 168,
        "type": "VariableDeclaration",
        "type": "VariableDeclaration"
      },
      {
        "declarations": [
          {
            "end": 201,
            "id": {
              "end": 186,
              "name": "r3",
              "start": 184,
              "type": "Identifier"
            },
            "init": {
              "end": 201,
              "endElement": {
                "end": 200,
                "name": "five",
                "start": 196,
                "type": "Identifier",
                "type": "Identifier"
              },
              "endInclusive": true,
              "start": 189,
              "startElement": {
                "end": 194,
                "name": "zero",
                "start": 190,
                "type": "Identifier",
                "type": "Identifier"
              },
              "type": "ArrayRangeExpression",
              "type": "ArrayRangeExpression"
            },
            "start": 184,
            "type": "VariableDeclarator"
          }
        ],
        "end": 201,
        "kind": "const",
        "start": 184,
        "type": "VariableDeclaration",
        "type": "VariableDeclaration"
      },
      {
        "end": 270,
        "expression": {
          "arguments": [
            {
              "computed": false,
              "end": 219,
              "object": {
                "end": 216,
                "name": "r3",
                "start": 214,
                "type": "Identifier",
                "type": "Identifier"
              },
              "property": {
                "end": 218,
                "raw": "4",
                "start": 217,
                "type": "Literal",
                "type": "Literal",
                "value": 4.0
              },
              "start": 214,
              "type": "MemberExpression",
              "type": "MemberExpression"
            },
            {
              "end": 222,
              "raw": "4",
              "start": 221,
              "type": "Literal",
              "type": "Literal",
              "value": 4.0
            },
            {
              "end": 231,
              "raw": "0.00001",
              "start": 224,
              "type": "Literal",
              "type": "Literal",
              "value": 0.00001
            },
            {
              "end": 269,
              "raw": "\"second-to-last element is included\"",
              "start": 233,
              "type": "Literal",
              "type": "Literal",
              "value": "second-to-last element is included"
            }
          ],
          "callee": {
            "end": 213,
            "name": "assertEqual",
            "start": 202,
            "type": "Identifier"
          },
          "end": 270,
          "optional": false,
          "start": 202,
          "type": "CallExpression",
          "type": "CallExpression"
        },
        "start": 202,
        "type": "ExpressionStatement",
        "type": "ExpressionStatement"
      },
      {
        "end": 329,
        "expression": {
          "arguments": [
            {
              "computed": false,
              "end": 288,
              "object": {
                "end": 285,
                "name": "r3",
                "start": 283,
                "type": "Identifier",
                "type": "Identifier"
              },
              "property": {
                "end": 287,
                "raw": "5",
                "start": 286,
                "type": "Literal",
                "type": "Literal",
                "value": 5.0
              },
              "start": 283,
              "type": "MemberExpression",
              "type": "MemberExpression"
            },
            {
              "end": 291,
              "raw": "5",
              "start": 290,
              "type": "Literal",
              "type": "Literal",
              "value": 5.0
            },
            {
              "end": 300,
              "raw": "0.00001",
              "start": 293,
              "type": "Literal",
              "type": "Literal",
              "value": 0.00001
            },
            {
              "end": 328,
              "raw": "\"last element is included\"",
              "start": 302,
              "type": "Literal",
              "type": "Literal",
              "value": "last element is included"
            }
          ],
          "callee": {
            "end": 282,
            "name": "assertEqual",
            "start": 271,
            "type": "Identifier"
          },
          "end": 329,
          "optional": false,
          "start": 271,
          "type": "CallExpression",
          "type": "CallExpression"
        },
        "start": 271,
        "type": "ExpressionStatement",
        "type": "ExpressionStatement"
      },
      {
        "declarations": [
          {
            "end": 358,
            "id": {
              "end": 333,
              "name": "r4",
              "start": 331,
              "type": "Identifier"
            },
            "init": {
              "end": 358,
              "endElement": {
                "end": 357,
                "left": {
                  "end": 353,
                  "name": "five",
                  "start": 349,
                  "type": "Identifier",
                  "type": "Identifier"
                },
                "operator": "-",
                "right": {
                  "end": 357,
                  "raw": "1",
                  "start": 356,
                  "type": "Literal",
                  "type": "Literal",
                  "value": 1.0
                },
                "start": 349,
                "type": "BinaryExpression",
                "type": "BinaryExpression"
              },
              "endInclusive": true,
              "start": 336,
              "startElement": {
                "end": 345,
                "left": {
                  "end": 341,
                  "name": "zero",
                  "start": 337,
                  "type": "Identifier",
                  "type": "Identifier"
                },
                "operator": "+",
                "right": {
                  "end": 345,
                  "raw": "1",
                  "start": 344,
                  "type": "Literal",
                  "type": "Literal",
                  "value": 1.0
                },
                "start": 337,
                "type": "BinaryExpression",
                "type": "BinaryExpression"
              },
              "type": "ArrayRangeExpression",
              "type": "ArrayRangeExpression"
            },
            "start": 331,
            "type": "VariableDeclarator"
          }
        ],
        "end": 358,
        "kind": "const",
        "start": 331,
        "type": "VariableDeclaration",
        "type": "VariableDeclaration"
      },
      {
        "end": 411,
        "expression": {
          "arguments": [
            {
              "computed": false,
              "end": 376,
              "object": {
                "end": 373,
                "name": "r4",
                "start": 371,
                "type": "Identifier",
                "type": "Identifier"
              },
              "property": {
                "end": 375,
                "raw": "0",
                "start": 374,
                "type": "Literal",
                "type": "Literal",
                "value": 0.0
              },
              "start": 371,
              "type": "MemberExpression",
              "type": "MemberExpression"
            },
            {
              "end": 379,
              "raw": "1",
              "start": 378,
              "type": "Literal",
              "type": "Literal",
              "value": 1.0
            },
            {
              "end": 388,
              "raw": "0.00001",
              "start": 381,
              "type": "Literal",
              "type": "Literal",
              "value": 0.00001
            },
            {
              "end": 410,
              "raw": "\"first element is 1\"",
              "start": 390,
              "type": "Literal",
              "type": "Literal",
              "value": "first element is 1"
            }
          ],
          "callee": {
            "end": 370,
            "name": "assertEqual",
            "start": 359,
            "type": "Identifier"
          },
          "end": 411,
          "optional": false,
          "start": 359,
          "type": "CallExpression",
          "type": "CallExpression"
        },
        "start": 359,
        "type": "ExpressionStatement",
        "type": "ExpressionStatement"
      },
      {
        "end": 473,
        "expression": {
          "arguments": [
            {
              "computed": false,
              "end": 429,
              "object": {
                "end": 426,
                "name": "r4",
                "start": 424,
                "type": "Identifier",
                "type": "Identifier"
              },
              "property": {
                "end": 428,
                "raw": "2",
                "start": 427,
                "type": "Literal",
                "type": "Literal",
                "value": 2.0
              },
              "start": 424,
              "type": "MemberExpression",
              "type": "MemberExpression"
            },
            {
              "end": 432,
              "raw": "3",
              "start": 431,
              "type": "Literal",
              "type": "Literal",
              "value": 3.0
            },
            {
              "end": 441,
              "raw": "0.00001",
              "start": 434,
              "type": "Literal",
              "type": "Literal",
              "value": 0.00001
            },
            {
              "end": 472,
              "raw": "\"second-to-last element is 3\"",
              "start": 443,
              "type": "Literal",
              "type": "Literal",
              "value": "second-to-last element is 3"
            }
          ],
          "callee": {
            "end": 423,
            "name": "assertEqual",
            "start": 412,
            "type": "Identifier"
          },
          "end": 473,
          "optional": false,
          "start": 412,
          "type": "CallExpression",
          "type": "CallExpression"
        },
        "start": 412,
        "type": "ExpressionStatement",
        "type": "ExpressionStatement"
      },
      {
        "end": 525,
        "expression": {
          "arguments": [
            {
              "computed": false,
              "end": 491,
              "object": {
                "end": 488,
                "name": "r4",
                "start": 486,
                "type": "Identifier",
                "type": "Identifier"
              },
              "property": {
                "end": 490,
                "raw": "3",
                "start": 489,
                "type": "Literal",
                "type": "Literal",
                "value": 3.0
              },
              "start": 486,
              "type": "MemberExpression",
              "type": "MemberExpression"
            },
            {
              "end": 494,
              "raw": "4",
              "start": 493,
              "type": "Literal",
              "type": "Literal",
              "value": 4.0
            },
            {
              "end": 503,
              "raw": "0.00001",
              "start": 496,
              "type": "Literal",
              "type": "Literal",
              "value": 0.00001
            },
            {
              "end": 524,
              "raw": "\"last element is 4\"",
              "start": 505,
              "type": "Literal",
              "type": "Literal",
              "value": "last element is 4"
            }
          ],
          "callee": {
            "end": 485,
            "name": "assertEqual",
            "start": 474,
            "type": "Identifier"
          },
          "end": 525,
          "optional": false,
          "start": 474,
          "type": "CallExpression",
          "type": "CallExpression"
        },
        "start": 474,
        "type": "ExpressionStatement",
        "type": "ExpressionStatement"
      }
    ],
    "end": 526,
    "nonCodeMeta": {
      "nonCodeNodes": {
        "1": [
          {
            "end": 72,
            "start": 70,
            "type": "NonCodeNode",
            "value": {
              "type": "newLine"
            }
          }
        ],
        "5": [
          {
            "end": 168,
            "start": 166,
            "type": "NonCodeNode",
            "value": {
              "type": "newLine"
            }
          }
        ],
        "9": [
          {
            "end": 331,
            "start": 329,
            "type": "NonCodeNode",
            "value": {
              "type": "newLine"
            }
          }
        ]
      },
      "startNodes": []
    },
    "start": 0
  }
}
