---
source: kcl/src/simulation_tests.rs
assertion_line: 51
description: Result of tokenizing array_range_expr.kcl
snapshot_kind: text
---
{
  "Ok": [
    {
      "type": "word",
      "start": 0,
      "end": 2,
      "value": "r1"
    },
    {
      "type": "whitespace",
      "start": 2,
      "end": 3,
      "value": " "
    },
    {
      "type": "operator",
      "start": 3,
      "end": 4,
      "value": "="
    },
    {
      "type": "whitespace",
      "start": 4,
      "end": 5,
      "value": " "
    },
    {
      "type": "brace",
      "start": 5,
      "end": 6,
      "value": "["
    },
    {
      "type": "number",
      "start": 6,
      "end": 7,
      "value": "0"
    },
    {
      "type": "doublePeriod",
      "start": 7,
      "end": 9,
      "value": ".."
    },
    {
      "type": "number",
      "start": 9,
      "end": 10,
      "value": "4"
    },
    {
      "type": "brace",
      "start": 10,
      "end": 11,
      "value": "]"
    },
    {
      "type": "whitespace",
      "start": 11,
      "end": 12,
      "value": "\n"
    },
    {
      "type": "word",
      "start": 12,
      "end": 23,
      "value": "assertEqual"
    },
    {
      "type": "brace",
      "start": 23,
      "end": 24,
      "value": "("
    },
    {
      "type": "word",
      "start": 24,
      "end": 26,
      "value": "r1"
    },
    {
      "type": "brace",
      "start": 26,
      "end": 27,
      "value": "["
    },
    {
      "type": "number",
      "start": 27,
      "end": 28,
      "value": "4"
    },
    {
      "type": "brace",
      "start": 28,
      "end": 29,
      "value": "]"
    },
    {
      "type": "comma",
      "start": 29,
      "end": 30,
      "value": ","
    },
    {
      "type": "whitespace",
      "start": 30,
      "end": 31,
      "value": " "
    },
    {
      "type": "number",
      "start": 31,
      "end": 32,
      "value": "4"
    },
    {
      "type": "comma",
      "start": 32,
      "end": 33,
      "value": ","
    },
    {
      "type": "whitespace",
      "start": 33,
      "end": 34,
      "value": " "
    },
    {
      "type": "number",
      "start": 34,
      "end": 41,
      "value": "0.00001"
    },
    {
      "type": "comma",
      "start": 41,
      "end": 42,
      "value": ","
    },
    {
      "type": "whitespace",
      "start": 42,
      "end": 43,
      "value": " "
    },
    {
      "type": "string",
      "start": 43,
      "end": 69,
      "value": "\"last element is included\""
    },
    {
      "type": "brace",
      "start": 69,
      "end": 70,
      "value": ")"
    },
    {
      "type": "whitespace",
      "start": 70,
      "end": 72,
      "value": "\n\n"
    },
    {
      "type": "word",
      "start": 72,
      "end": 76,
      "value": "four"
    },
    {
      "type": "whitespace",
      "start": 76,
      "end": 77,
      "value": " "
    },
    {
      "type": "operator",
      "start": 77,
      "end": 78,
      "value": "="
    },
    {
      "type": "whitespace",
      "start": 78,
      "end": 79,
      "value": " "
    },
    {
      "type": "number",
      "start": 79,
      "end": 80,
      "value": "4"
    },
    {
      "type": "whitespace",
      "start": 80,
      "end": 81,
      "value": "\n"
    },
    {
      "type": "word",
      "start": 81,
      "end": 85,
      "value": "zero"
    },
    {
      "type": "whitespace",
      "start": 85,
      "end": 86,
      "value": " "
    },
    {
      "type": "operator",
      "start": 86,
      "end": 87,
      "value": "="
    },
    {
      "type": "whitespace",
      "start": 87,
      "end": 88,
      "value": " "
    },
    {
      "type": "number",
      "start": 88,
      "end": 89,
      "value": "0"
    },
    {
      "type": "whitespace",
      "start": 89,
      "end": 90,
      "value": "\n"
    },
    {
      "type": "word",
      "start": 90,
      "end": 92,
      "value": "r2"
    },
    {
      "type": "whitespace",
      "start": 92,
      "end": 93,
      "value": " "
    },
    {
      "type": "operator",
      "start": 93,
      "end": 94,
      "value": "="
    },
    {
      "type": "whitespace",
      "start": 94,
      "end": 95,
      "value": " "
    },
    {
      "type": "brace",
      "start": 95,
      "end": 96,
      "value": "["
    },
    {
      "type": "word",
      "start": 96,
      "end": 100,
      "value": "zero"
    },
    {
      "type": "doublePeriod",
      "start": 100,
      "end": 102,
      "value": ".."
    },
    {
      "type": "word",
      "start": 102,
      "end": 106,
      "value": "four"
    },
    {
      "type": "brace",
      "start": 106,
      "end": 107,
      "value": "]"
    },
    {
      "type": "whitespace",
      "start": 107,
      "end": 108,
      "value": "\n"
    },
    {
      "type": "word",
      "start": 108,
      "end": 119,
      "value": "assertEqual"
    },
    {
      "type": "brace",
      "start": 119,
      "end": 120,
      "value": "("
    },
    {
      "type": "word",
      "start": 120,
      "end": 122,
      "value": "r2"
    },
    {
      "type": "brace",
      "start": 122,
      "end": 123,
      "value": "["
    },
    {
      "type": "number",
      "start": 123,
      "end": 124,
      "value": "4"
    },
    {
      "type": "brace",
      "start": 124,
      "end": 125,
      "value": "]"
    },
    {
      "type": "comma",
      "start": 125,
      "end": 126,
      "value": ","
    },
    {
      "type": "whitespace",
      "start": 126,
      "end": 127,
      "value": " "
    },
    {
      "type": "number",
      "start": 127,
      "end": 128,
      "value": "4"
    },
    {
      "type": "comma",
      "start": 128,
      "end": 129,
      "value": ","
    },
    {
      "type": "whitespace",
      "start": 129,
      "end": 130,
      "value": " "
    },
    {
      "type": "number",
      "start": 130,
      "end": 137,
      "value": "0.00001"
    },
    {
      "type": "comma",
      "start": 137,
      "end": 138,
      "value": ","
    },
    {
      "type": "whitespace",
      "start": 138,
      "end": 139,
      "value": " "
    },
    {
      "type": "string",
      "start": 139,
      "end": 165,
      "value": "\"last element is included\""
    },
    {
      "type": "brace",
      "start": 165,
      "end": 166,
      "value": ")"
    },
    {
      "type": "whitespace",
      "start": 166,
      "end": 168,
      "value": "\n\n"
    },
    {
      "type": "word",
      "start": 168,
      "end": 172,
      "value": "five"
    },
    {
      "type": "whitespace",
      "start": 172,
      "end": 173,
      "value": " "
    },
    {
      "type": "operator",
      "start": 173,
      "end": 174,
      "value": "="
    },
    {
      "type": "whitespace",
      "start": 174,
      "end": 175,
      "value": " "
    },
    {
      "type": "word",
      "start": 175,
      "end": 179,
      "value": "four"
    },
    {
      "type": "whitespace",
      "start": 179,
      "end": 180,
      "value": " "
    },
    {
      "type": "operator",
      "start": 180,
      "end": 181,
      "value": "+"
    },
    {
      "type": "whitespace",
      "start": 181,
      "end": 182,
      "value": " "
    },
    {
      "type": "number",
      "start": 182,
      "end": 183,
      "value": "1"
    },
    {
      "type": "whitespace",
      "start": 183,
      "end": 184,
      "value": "\n"
    },
    {
      "type": "word",
      "start": 184,
      "end": 186,
      "value": "r3"
    },
    {
      "type": "whitespace",
      "start": 186,
      "end": 187,
      "value": " "
    },
    {
      "type": "operator",
      "start": 187,
      "end": 188,
      "value": "="
    },
    {
      "type": "whitespace",
      "start": 188,
      "end": 189,
      "value": " "
    },
    {
      "type": "brace",
      "start": 189,
      "end": 190,
      "value": "["
    },
    {
      "type": "word",
      "start": 190,
      "end": 194,
      "value": "zero"
    },
    {
      "type": "doublePeriod",
      "start": 194,
      "end": 196,
      "value": ".."
    },
    {
      "type": "word",
      "start": 196,
      "end": 200,
      "value": "five"
    },
    {
      "type": "brace",
      "start": 200,
      "end": 201,
      "value": "]"
    },
    {
      "type": "whitespace",
      "start": 201,
      "end": 202,
      "value": "\n"
    },
    {
      "type": "word",
      "start": 202,
      "end": 213,
      "value": "assertEqual"
    },
    {
      "type": "brace",
      "start": 213,
      "end": 214,
      "value": "("
    },
    {
      "type": "word",
      "start": 214,
      "end": 216,
      "value": "r3"
    },
    {
      "type": "brace",
      "start": 216,
      "end": 217,
      "value": "["
    },
    {
      "type": "number",
      "start": 217,
      "end": 218,
      "value": "4"
    },
    {
      "type": "brace",
      "start": 218,
      "end": 219,
      "value": "]"
    },
    {
      "type": "comma",
      "start": 219,
      "end": 220,
      "value": ","
    },
    {
      "type": "whitespace",
      "start": 220,
      "end": 221,
      "value": " "
    },
    {
      "type": "number",
      "start": 221,
      "end": 222,
      "value": "4"
    },
    {
      "type": "comma",
      "start": 222,
      "end": 223,
      "value": ","
    },
    {
      "type": "whitespace",
      "start": 223,
      "end": 224,
      "value": " "
    },
    {
      "type": "number",
      "start": 224,
      "end": 231,
      "value": "0.00001"
    },
    {
      "type": "comma",
      "start": 231,
      "end": 232,
      "value": ","
    },
    {
      "type": "whitespace",
      "start": 232,
      "end": 233,
      "value": " "
    },
    {
      "type": "string",
      "start": 233,
      "end": 269,
      "value": "\"second-to-last element is included\""
    },
    {
      "type": "brace",
      "start": 269,
      "end": 270,
      "value": ")"
    },
    {
      "type": "whitespace",
      "start": 270,
      "end": 271,
      "value": "\n"
    },
    {
      "type": "word",
      "start": 271,
      "end": 282,
      "value": "assertEqual"
    },
    {
      "type": "brace",
      "start": 282,
      "end": 283,
      "value": "("
    },
    {
      "type": "word",
      "start": 283,
      "end": 285,
      "value": "r3"
    },
    {
      "type": "brace",
      "start": 285,
      "end": 286,
      "value": "["
    },
    {
      "type": "number",
      "start": 286,
      "end": 287,
      "value": "5"
    },
    {
      "type": "brace",
      "start": 287,
      "end": 288,
      "value": "]"
    },
    {
      "type": "comma",
      "start": 288,
      "end": 289,
      "value": ","
    },
    {
      "type": "whitespace",
      "start": 289,
      "end": 290,
      "value": " "
    },
    {
      "type": "number",
      "start": 290,
      "end": 291,
      "value": "5"
    },
    {
      "type": "comma",
      "start": 291,
      "end": 292,
      "value": ","
    },
    {
      "type": "whitespace",
      "start": 292,
      "end": 293,
      "value": " "
    },
    {
      "type": "number",
      "start": 293,
      "end": 300,
      "value": "0.00001"
    },
    {
      "type": "comma",
      "start": 300,
      "end": 301,
      "value": ","
    },
    {
      "type": "whitespace",
      "start": 301,
      "end": 302,
      "value": " "
    },
    {
      "type": "string",
      "start": 302,
      "end": 328,
      "value": "\"last element is included\""
    },
    {
      "type": "brace",
      "start": 328,
      "end": 329,
      "value": ")"
    },
    {
      "type": "whitespace",
      "start": 329,
      "end": 331,
      "value": "\n\n"
    },
    {
      "type": "word",
      "start": 331,
      "end": 333,
      "value": "r4"
    },
    {
      "type": "whitespace",
      "start": 333,
      "end": 334,
      "value": " "
    },
    {
      "type": "operator",
      "start": 334,
      "end": 335,
      "value": "="
    },
    {
      "type": "whitespace",
      "start": 335,
      "end": 336,
      "value": " "
    },
    {
      "type": "brace",
      "start": 336,
      "end": 337,
      "value": "["
    },
    {
      "type": "word",
      "start": 337,
      "end": 341,
      "value": "zero"
    },
    {
      "type": "whitespace",
      "start": 341,
      "end": 342,
      "value": " "
    },
    {
      "type": "operator",
      "start": 342,
      "end": 343,
      "value": "+"
    },
    {
      "type": "whitespace",
      "start": 343,
      "end": 344,
      "value": " "
    },
    {
      "type": "number",
      "start": 344,
      "end": 345,
      "value": "1"
    },
    {
      "type": "whitespace",
      "start": 345,
      "end": 346,
      "value": " "
    },
    {
      "type": "doublePeriod",
      "start": 346,
      "end": 348,
      "value": ".."
    },
    {
      "type": "whitespace",
      "start": 348,
      "end": 349,
      "value": " "
    },
    {
      "type": "word",
      "start": 349,
      "end": 353,
      "value": "five"
    },
    {
      "type": "whitespace",
      "start": 353,
      "end": 354,
      "value": " "
    },
    {
      "type": "operator",
      "start": 354,
      "end": 355,
      "value": "-"
    },
    {
      "type": "whitespace",
      "start": 355,
      "end": 356,
      "value": " "
    },
    {
      "type": "number",
      "start": 356,
      "end": 357,
      "value": "1"
    },
    {
      "type": "brace",
      "start": 357,
      "end": 358,
      "value": "]"
    },
    {
      "type": "whitespace",
      "start": 358,
      "end": 359,
      "value": "\n"
    },
    {
      "type": "word",
      "start": 359,
      "end": 370,
      "value": "assertEqual"
    },
    {
      "type": "brace",
      "start": 370,
      "end": 371,
      "value": "("
    },
    {
      "type": "word",
      "start": 371,
      "end": 373,
      "value": "r4"
    },
    {
      "type": "brace",
      "start": 373,
      "end": 374,
      "value": "["
    },
    {
      "type": "number",
      "start": 374,
      "end": 375,
      "value": "0"
    },
    {
      "type": "brace",
      "start": 375,
      "end": 376,
      "value": "]"
    },
    {
      "type": "comma",
      "start": 376,
      "end": 377,
      "value": ","
    },
    {
      "type": "whitespace",
      "start": 377,
      "end": 378,
      "value": " "
    },
    {
      "type": "number",
      "start": 378,
      "end": 379,
      "value": "1"
    },
    {
      "type": "comma",
      "start": 379,
      "end": 380,
      "value": ","
    },
    {
      "type": "whitespace",
      "start": 380,
      "end": 381,
      "value": " "
    },
    {
      "type": "number",
      "start": 381,
      "end": 388,
      "value": "0.00001"
    },
    {
      "type": "comma",
      "start": 388,
      "end": 389,
      "value": ","
    },
    {
      "type": "whitespace",
      "start": 389,
      "end": 390,
      "value": " "
    },
    {
      "type": "string",
      "start": 390,
      "end": 410,
      "value": "\"first element is 1\""
    },
    {
      "type": "brace",
      "start": 410,
      "end": 411,
      "value": ")"
    },
    {
      "type": "whitespace",
      "start": 411,
      "end": 412,
      "value": "\n"
    },
    {
      "type": "word",
      "start": 412,
      "end": 423,
      "value": "assertEqual"
    },
    {
      "type": "brace",
      "start": 423,
      "end": 424,
      "value": "("
    },
    {
      "type": "word",
      "start": 424,
      "end": 426,
      "value": "r4"
    },
    {
      "type": "brace",
      "start": 426,
      "end": 427,
      "value": "["
    },
    {
      "type": "number",
      "start": 427,
      "end": 428,
      "value": "2"
    },
    {
      "type": "brace",
      "start": 428,
      "end": 429,
      "value": "]"
    },
    {
      "type": "comma",
      "start": 429,
      "end": 430,
      "value": ","
    },
    {
      "type": "whitespace",
      "start": 430,
      "end": 431,
      "value": " "
    },
    {
      "type": "number",
      "start": 431,
      "end": 432,
      "value": "3"
    },
    {
      "type": "comma",
      "start": 432,
      "end": 433,
      "value": ","
    },
    {
      "type": "whitespace",
      "start": 433,
      "end": 434,
      "value": " "
    },
    {
      "type": "number",
      "start": 434,
      "end": 441,
      "value": "0.00001"
    },
    {
      "type": "comma",
      "start": 441,
      "end": 442,
      "value": ","
    },
    {
      "type": "whitespace",
      "start": 442,
      "end": 443,
      "value": " "
    },
    {
      "type": "string",
      "start": 443,
      "end": 472,
      "value": "\"second-to-last element is 3\""
    },
    {
      "type": "brace",
      "start": 472,
      "end": 473,
      "value": ")"
    },
    {
      "type": "whitespace",
      "start": 473,
      "end": 474,
      "value": "\n"
    },
    {
      "type": "word",
      "start": 474,
      "end": 485,
      "value": "assertEqual"
    },
    {
      "type": "brace",
      "start": 485,
      "end": 486,
      "value": "("
    },
    {
      "type": "word",
      "start": 486,
      "end": 488,
      "value": "r4"
    },
    {
      "type": "brace",
      "start": 488,
      "end": 489,
      "value": "["
    },
    {
      "type": "number",
      "start": 489,
      "end": 490,
      "value": "3"
    },
    {
      "type": "brace",
      "start": 490,
      "end": 491,
      "value": "]"
    },
    {
      "type": "comma",
      "start": 491,
      "end": 492,
      "value": ","
    },
    {
      "type": "whitespace",
      "start": 492,
      "end": 493,
      "value": " "
    },
    {
      "type": "number",
      "start": 493,
      "end": 494,
      "value": "4"
    },
    {
      "type": "comma",
      "start": 494,
      "end": 495,
      "value": ","
    },
    {
      "type": "whitespace",
      "start": 495,
      "end": 496,
      "value": " "
    },
    {
      "type": "number",
      "start": 496,
      "end": 503,
      "value": "0.00001"
    },
    {
      "type": "comma",
      "start": 503,
      "end": 504,
      "value": ","
    },
    {
      "type": "whitespace",
      "start": 504,
      "end": 505,
      "value": " "
    },
    {
      "type": "string",
      "start": 505,
      "end": 524,
      "value": "\"last element is 4\""
    },
    {
      "type": "brace",
      "start": 524,
      "end": 525,
      "value": ")"
    },
    {
      "type": "whitespace",
      "start": 525,
      "end": 526,
      "value": "\n"
    }
  ]
}
