---
source: kcl/src/simulation_tests.rs
description: Result of tokenizing sketch_on_face_after_fillets_referencing_face.kcl
snapshot_kind: text
---
{
  "Ok": [
    {
      "type": "lineComment",
      "start": 0,
      "end": 16,
      "value": "// Shelf Bracket"
    },
    {
      "type": "whitespace",
      "start": 16,
      "end": 17,
      "value": "\n"
    },
    {
      "type": "lineComment",
      "start": 17,
      "end": 316,
      "value": "// This is a shelf bracket made out of 6061-T6 aluminum sheet metal. The required thickness is calculated based on a point load of 300 lbs applied to the end of the shelf. There are two brackets holding up the shelf, so the moment experienced is divided by 2. The shelf is 1 foot long from the wall."
    },
    {
      "type": "whitespace",
      "start": 316,
      "end": 319,
      "value": "\n\n\n"
    },
    {
      "type": "lineComment",
      "start": 319,
      "end": 353,
      "value": "// Define our bracket feet lengths"
    },
    {
      "type": "whitespace",
      "start": 353,
      "end": 354,
      "value": "\n"
    },
    {
      "type": "word",
      "start": 354,
      "end": 365,
      "value": "shelfMountL"
    },
    {
      "type": "whitespace",
      "start": 365,
      "end": 366,
      "value": " "
    },
    {
      "type": "operator",
      "start": 366,
      "end": 367,
      "value": "="
    },
    {
      "type": "whitespace",
      "start": 367,
      "end": 368,
      "value": " "
    },
    {
      "type": "number",
      "start": 368,
      "end": 369,
      "value": "8"
    },
    {
      "type": "whitespace",
      "start": 369,
      "end": 370,
      "value": " "
    },
    {
      "type": "lineComment",
      "start": 370,
      "end": 431,
      "value": "// The length of the bracket holding up the shelf is 6 inches"
    },
    {
      "type": "whitespace",
      "start": 431,
      "end": 432,
      "value": "\n"
    },
    {
      "type": "word",
      "start": 432,
      "end": 442,
      "value": "wallMountL"
    },
    {
      "type": "whitespace",
      "start": 442,
      "end": 443,
      "value": " "
    },
    {
      "type": "operator",
      "start": 443,
      "end": 444,
      "value": "="
    },
    {
      "type": "whitespace",
      "start": 444,
      "end": 445,
      "value": " "
    },
    {
      "type": "number",
      "start": 445,
      "end": 446,
      "value": "6"
    },
    {
      "type": "whitespace",
      "start": 446,
      "end": 447,
      "value": " "
    },
    {
      "type": "lineComment",
      "start": 447,
      "end": 475,
      "value": "// the length of the bracket"
    },
    {
      "type": "whitespace",
      "start": 475,
      "end": 478,
      "value": "\n\n\n"
    },
    {
      "type": "lineComment",
      "start": 478,
      "end": 559,
      "value": "// Define constants required to calculate the thickness needed to support 300 lbs"
    },
    {
      "type": "whitespace",
      "start": 559,
      "end": 560,
      "value": "\n"
    },
    {
      "type": "word",
      "start": 560,
      "end": 570,
      "value": "sigmaAllow"
    },
    {
      "type": "whitespace",
      "start": 570,
      "end": 571,
      "value": " "
    },
    {
      "type": "operator",
      "start": 571,
      "end": 572,
      "value": "="
    },
    {
      "type": "whitespace",
      "start": 572,
      "end": 573,
      "value": " "
    },
    {
      "type": "number",
      "start": 573,
      "end": 578,
      "value": "35000"
    },
    {
      "type": "whitespace",
      "start": 578,
      "end": 579,
      "value": " "
    },
    {
      "type": "lineComment",
      "start": 579,
      "end": 585,
      "value": "// psi"
    },
    {
      "type": "whitespace",
      "start": 585,
      "end": 586,
      "value": "\n"
    },
    {
      "type": "word",
      "start": 586,
      "end": 591,
      "value": "width"
    },
    {
      "type": "whitespace",
      "start": 591,
      "end": 592,
      "value": " "
    },
    {
      "type": "operator",
      "start": 592,
      "end": 593,
      "value": "="
    },
    {
      "type": "whitespace",
      "start": 593,
      "end": 594,
      "value": " "
    },
    {
      "type": "number",
      "start": 594,
      "end": 595,
      "value": "6"
    },
    {
      "type": "whitespace",
      "start": 595,
      "end": 596,
      "value": " "
    },
    {
      "type": "lineComment",
      "start": 596,
      "end": 603,
      "value": "// inch"
    },
    {
      "type": "whitespace",
      "start": 603,
      "end": 604,
      "value": "\n"
    },
    {
      "type": "word",
      "start": 604,
      "end": 605,
      "value": "p"
    },
    {
      "type": "whitespace",
      "start": 605,
      "end": 606,
      "value": " "
    },
    {
      "type": "operator",
      "start": 606,
      "end": 607,
      "value": "="
    },
    {
      "type": "whitespace",
      "start": 607,
      "end": 608,
      "value": " "
    },
    {
      "type": "number",
      "start": 608,
      "end": 611,
      "value": "300"
    },
    {
      "type": "whitespace",
      "start": 611,
      "end": 612,
      "value": " "
    },
    {
      "type": "lineComment",
      "start": 612,
      "end": 635,
      "value": "// Force on shelf - lbs"
    },
    {
      "type": "whitespace",
      "start": 635,
      "end": 636,
      "value": "\n"
    },
    {
      "type": "word",
      "start": 636,
      "end": 637,
      "value": "L"
    },
    {
      "type": "whitespace",
      "start": 637,
      "end": 638,
      "value": " "
    },
    {
      "type": "operator",
      "start": 638,
      "end": 639,
      "value": "="
    },
    {
      "type": "whitespace",
      "start": 639,
      "end": 640,
      "value": " "
    },
    {
      "type": "number",
      "start": 640,
      "end": 642,
      "value": "12"
    },
    {
      "type": "whitespace",
      "start": 642,
      "end": 643,
      "value": " "
    },
    {
      "type": "lineComment",
      "start": 643,
      "end": 652,
      "value": "// inches"
    },
    {
      "type": "whitespace",
      "start": 652,
      "end": 653,
      "value": "\n"
    },
    {
      "type": "word",
      "start": 653,
      "end": 654,
      "value": "M"
    },
    {
      "type": "whitespace",
      "start": 654,
      "end": 655,
      "value": " "
    },
    {
      "type": "operator",
      "start": 655,
      "end": 656,
      "value": "="
    },
    {
      "type": "whitespace",
      "start": 656,
      "end": 657,
      "value": " "
    },
    {
      "type": "word",
      "start": 657,
      "end": 658,
      "value": "L"
    },
    {
      "type": "whitespace",
      "start": 658,
      "end": 659,
      "value": " "
    },
    {
      "type": "operator",
      "start": 659,
      "end": 660,
      "value": "*"
    },
    {
      "type": "whitespace",
      "start": 660,
      "end": 661,
      "value": " "
    },
    {
      "type": "word",
      "start": 661,
      "end": 662,
      "value": "p"
    },
    {
      "type": "whitespace",
      "start": 662,
      "end": 663,
      "value": " "
    },
    {
      "type": "operator",
      "start": 663,
      "end": 664,
      "value": "/"
    },
    {
      "type": "whitespace",
      "start": 664,
      "end": 665,
      "value": " "
    },
    {
      "type": "number",
      "start": 665,
      "end": 666,
      "value": "2"
    },
    {
      "type": "whitespace",
      "start": 666,
      "end": 667,
      "value": " "
    },
    {
      "type": "lineComment",
      "start": 667,
      "end": 712,
      "value": "// Moment experienced at fixed end of bracket"
    },
    {
      "type": "whitespace",
      "start": 712,
      "end": 713,
      "value": "\n"
    },
    {
      "type": "word",
      "start": 713,
      "end": 716,
      "value": "FOS"
    },
    {
      "type": "whitespace",
      "start": 716,
      "end": 717,
      "value": " "
    },
    {
      "type": "operator",
      "start": 717,
      "end": 718,
      "value": "="
    },
    {
      "type": "whitespace",
      "start": 718,
      "end": 719,
      "value": " "
    },
    {
      "type": "number",
      "start": 719,
      "end": 720,
      "value": "2"
    },
    {
      "type": "whitespace",
      "start": 720,
      "end": 721,
      "value": " "
    },
    {
      "type": "lineComment",
      "start": 721,
      "end": 764,
      "value": "// Factor of safety of 2 to be conservative"
    },
    {
      "type": "whitespace",
      "start": 764,
      "end": 767,
      "value": "\n\n\n"
    },
    {
      "type": "lineComment",
      "start": 767,
      "end": 837,
      "value": "// Calculate the thickness off the bending stress and factor of safety"
    },
    {
      "type": "whitespace",
      "start": 837,
      "end": 838,
      "value": "\n"
    },
    {
      "type": "word",
      "start": 838,
      "end": 847,
      "value": "thickness"
    },
    {
      "type": "whitespace",
      "start": 847,
      "end": 848,
      "value": " "
    },
    {
      "type": "operator",
      "start": 848,
      "end": 849,
      "value": "="
    },
    {
      "type": "whitespace",
      "start": 849,
      "end": 850,
      "value": " "
    },
    {
      "type": "word",
      "start": 850,
      "end": 854,
      "value": "sqrt"
    },
    {
      "type": "brace",
      "start": 854,
      "end": 855,
      "value": "("
    },
    {
      "type": "number",
      "start": 855,
      "end": 856,
      "value": "6"
    },
    {
      "type": "whitespace",
      "start": 856,
      "end": 857,
      "value": " "
    },
    {
      "type": "operator",
      "start": 857,
      "end": 858,
      "value": "*"
    },
    {
      "type": "whitespace",
      "start": 858,
      "end": 859,
      "value": " "
    },
    {
      "type": "word",
      "start": 859,
      "end": 860,
      "value": "M"
    },
    {
      "type": "whitespace",
      "start": 860,
      "end": 861,
      "value": " "
    },
    {
      "type": "operator",
      "start": 861,
      "end": 862,
      "value": "*"
    },
    {
      "type": "whitespace",
      "start": 862,
      "end": 863,
      "value": " "
    },
    {
      "type": "word",
      "start": 863,
      "end": 866,
      "value": "FOS"
    },
    {
      "type": "whitespace",
      "start": 866,
      "end": 867,
      "value": " "
    },
    {
      "type": "operator",
      "start": 867,
      "end": 868,
      "value": "/"
    },
    {
      "type": "whitespace",
      "start": 868,
      "end": 869,
      "value": " "
    },
    {
      "type": "brace",
      "start": 869,
      "end": 870,
      "value": "("
    },
    {
      "type": "word",
      "start": 870,
      "end": 875,
      "value": "width"
    },
    {
      "type": "whitespace",
      "start": 875,
      "end": 876,
      "value": " "
    },
    {
      "type": "operator",
      "start": 876,
      "end": 877,
      "value": "*"
    },
    {
      "type": "whitespace",
      "start": 877,
      "end": 878,
      "value": " "
    },
    {
      "type": "word",
      "start": 878,
      "end": 888,
      "value": "sigmaAllow"
    },
    {
      "type": "brace",
      "start": 888,
      "end": 889,
      "value": ")"
    },
    {
      "type": "brace",
      "start": 889,
      "end": 890,
      "value": ")"
    },
    {
      "type": "whitespace",
      "start": 890,
      "end": 892,
      "value": "\n\n"
    },
    {
      "type": "lineComment",
      "start": 892,
      "end": 918,
      "value": "// 0.25 inch fillet radius"
    },
    {
      "type": "whitespace",
      "start": 918,
      "end": 919,
      "value": "\n"
    },
    {
      "type": "word",
      "start": 919,
      "end": 926,
      "value": "filletR"
    },
    {
      "type": "whitespace",
      "start": 926,
      "end": 927,
      "value": " "
    },
    {
      "type": "operator",
      "start": 927,
      "end": 928,
      "value": "="
    },
    {
      "type": "whitespace",
      "start": 928,
      "end": 929,
      "value": " "
    },
    {
      "type": "number",
      "start": 929,
      "end": 933,
      "value": "0.25"
    },
    {
      "type": "whitespace",
      "start": 933,
      "end": 935,
      "value": "\n\n"
    },
    {
      "type": "lineComment",
      "start": 935,
      "end": 981,
      "value": "// Sketch the bracket and extrude with fillets"
    },
    {
      "type": "whitespace",
      "start": 981,
      "end": 982,
      "value": "\n"
    },
    {
      "type": "word",
      "start": 982,
      "end": 989,
      "value": "bracket"
    },
    {
      "type": "whitespace",
      "start": 989,
      "end": 990,
      "value": " "
    },
    {
      "type": "operator",
      "start": 990,
      "end": 991,
      "value": "="
    },
    {
      "type": "whitespace",
      "start": 991,
      "end": 992,
      "value": " "
    },
    {
      "type": "word",
      "start": 992,
      "end": 1005,
      "value": "startSketchOn"
    },
    {
      "type": "brace",
      "start": 1005,
      "end": 1006,
      "value": "("
    },
    {
      "type": "string",
      "start": 1006,
      "end": 1010,
      "value": "'XY'"
    },
    {
      "type": "brace",
      "start": 1010,
      "end": 1011,
      "value": ")"
    },
    {
      "type": "whitespace",
      "start": 1011,
      "end": 1014,
      "value": "\n  "
    },
    {
      "type": "operator",
      "start": 1014,
      "end": 1016,
      "value": "|>"
    },
    {
      "type": "whitespace",
      "start": 1016,
      "end": 1017,
      "value": " "
    },
    {
      "type": "word",
      "start": 1017,
      "end": 1031,
      "value": "startProfileAt"
    },
    {
      "type": "brace",
      "start": 1031,
      "end": 1032,
      "value": "("
    },
    {
      "type": "brace",
      "start": 1032,
      "end": 1033,
      "value": "["
    },
    {
      "type": "number",
      "start": 1033,
      "end": 1034,
      "value": "0"
    },
    {
      "type": "comma",
      "start": 1034,
      "end": 1035,
      "value": ","
    },
    {
      "type": "whitespace",
      "start": 1035,
      "end": 1036,
      "value": " "
    },
    {
      "type": "number",
      "start": 1036,
      "end": 1037,
      "value": "0"
    },
    {
      "type": "brace",
      "start": 1037,
      "end": 1038,
      "value": "]"
    },
    {
      "type": "comma",
      "start": 1038,
      "end": 1039,
      "value": ","
    },
    {
      "type": "whitespace",
      "start": 1039,
      "end": 1040,
      "value": " "
    },
    {
      "type": "operator",
      "start": 1040,
      "end": 1041,
      "value": "%"
    },
    {
      "type": "brace",
      "start": 1041,
      "end": 1042,
      "value": ")"
    },
    {
      "type": "whitespace",
      "start": 1042,
      "end": 1045,
      "value": "\n  "
    },
    {
      "type": "operator",
      "start": 1045,
      "end": 1047,
      "value": "|>"
    },
    {
      "type": "whitespace",
      "start": 1047,
      "end": 1048,
      "value": " "
    },
    {
      "type": "word",
      "start": 1048,
      "end": 1052,
      "value": "line"
    },
    {
      "type": "brace",
      "start": 1052,
      "end": 1053,
      "value": "("
    },
    {
      "type": "brace",
      "start": 1053,
      "end": 1054,
      "value": "["
    },
    {
      "type": "number",
      "start": 1054,
      "end": 1055,
      "value": "0"
    },
    {
      "type": "comma",
      "start": 1055,
      "end": 1056,
      "value": ","
    },
    {
      "type": "whitespace",
      "start": 1056,
      "end": 1057,
      "value": " "
    },
    {
      "type": "word",
      "start": 1057,
      "end": 1067,
      "value": "wallMountL"
    },
    {
      "type": "brace",
      "start": 1067,
      "end": 1068,
      "value": "]"
    },
    {
      "type": "comma",
      "start": 1068,
      "end": 1069,
      "value": ","
    },
    {
      "type": "whitespace",
      "start": 1069,
      "end": 1070,
      "value": " "
    },
    {
      "type": "operator",
      "start": 1070,
      "end": 1071,
      "value": "%"
    },
    {
      "type": "comma",
      "start": 1071,
      "end": 1072,
      "value": ","
    },
    {
      "type": "whitespace",
      "start": 1072,
      "end": 1073,
      "value": " "
    },
    {
      "type": "dollar",
      "start": 1073,
      "end": 1074,
      "value": "$"
    },
    {
      "type": "word",
      "start": 1074,
      "end": 1083,
      "value": "outerEdge"
    },
    {
      "type": "brace",
      "start": 1083,
      "end": 1084,
      "value": ")"
    },
    {
      "type": "whitespace",
      "start": 1084,
      "end": 1087,
      "value": "\n  "
    },
    {
      "type": "operator",
      "start": 1087,
      "end": 1089,
      "value": "|>"
    },
    {
      "type": "whitespace",
      "start": 1089,
      "end": 1090,
      "value": " "
    },
    {
      "type": "word",
      "start": 1090,
      "end": 1094,
      "value": "line"
    },
    {
      "type": "brace",
      "start": 1094,
      "end": 1095,
      "value": "("
    },
    {
      "type": "brace",
      "start": 1095,
      "end": 1096,
      "value": "["
    },
    {
      "type": "operator",
      "start": 1096,
      "end": 1097,
      "value": "-"
    },
    {
      "type": "word",
      "start": 1097,
      "end": 1108,
      "value": "shelfMountL"
    },
    {
      "type": "comma",
      "start": 1108,
      "end": 1109,
      "value": ","
    },
    {
      "type": "whitespace",
      "start": 1109,
      "end": 1110,
      "value": " "
    },
    {
      "type": "number",
      "start": 1110,
      "end": 1111,
      "value": "0"
    },
    {
      "type": "brace",
      "start": 1111,
      "end": 1112,
      "value": "]"
    },
    {
      "type": "comma",
      "start": 1112,
      "end": 1113,
      "value": ","
    },
    {
      "type": "whitespace",
      "start": 1113,
      "end": 1114,
      "value": " "
    },
    {
      "type": "operator",
      "start": 1114,
      "end": 1115,
      "value": "%"
    },
    {
      "type": "comma",
      "start": 1115,
      "end": 1116,
      "value": ","
    },
    {
      "type": "whitespace",
      "start": 1116,
      "end": 1117,
      "value": " "
    },
    {
      "type": "dollar",
      "start": 1117,
      "end": 1118,
      "value": "$"
    },
    {
      "type": "word",
      "start": 1118,
      "end": 1123,
      "value": "seg01"
    },
    {
      "type": "brace",
      "start": 1123,
      "end": 1124,
      "value": ")"
    },
    {
      "type": "whitespace",
      "start": 1124,
      "end": 1127,
      "value": "\n  "
    },
    {
      "type": "operator",
      "start": 1127,
      "end": 1129,
      "value": "|>"
    },
    {
      "type": "whitespace",
      "start": 1129,
      "end": 1130,
      "value": " "
    },
    {
      "type": "word",
      "start": 1130,
      "end": 1134,
      "value": "line"
    },
    {
      "type": "brace",
      "start": 1134,
      "end": 1135,
      "value": "("
    },
    {
      "type": "brace",
      "start": 1135,
      "end": 1136,
      "value": "["
    },
    {
      "type": "number",
      "start": 1136,
      "end": 1137,
      "value": "0"
    },
    {
      "type": "comma",
      "start": 1137,
      "end": 1138,
      "value": ","
    },
    {
      "type": "whitespace",
      "start": 1138,
      "end": 1139,
      "value": " "
    },
    {
      "type": "operator",
      "start": 1139,
      "end": 1140,
      "value": "-"
    },
    {
      "type": "word",
      "start": 1140,
      "end": 1149,
      "value": "thickness"
    },
    {
      "type": "brace",
      "start": 1149,
      "end": 1150,
      "value": "]"
    },
    {
      "type": "comma",
      "start": 1150,
      "end": 1151,
      "value": ","
    },
    {
      "type": "whitespace",
      "start": 1151,
      "end": 1152,
      "value": " "
    },
    {
      "type": "operator",
      "start": 1152,
      "end": 1153,
      "value": "%"
    },
    {
      "type": "brace",
      "start": 1153,
      "end": 1154,
      "value": ")"
    },
    {
      "type": "whitespace",
      "start": 1154,
      "end": 1157,
      "value": "\n  "
    },
    {
      "type": "operator",
      "start": 1157,
      "end": 1159,
      "value": "|>"
    },
    {
      "type": "whitespace",
      "start": 1159,
      "end": 1160,
      "value": " "
    },
    {
      "type": "word",
      "start": 1160,
      "end": 1164,
      "value": "line"
    },
    {
      "type": "brace",
      "start": 1164,
      "end": 1165,
      "value": "("
    },
    {
      "type": "brace",
      "start": 1165,
      "end": 1166,
      "value": "["
    },
    {
      "type": "word",
      "start": 1166,
      "end": 1177,
      "value": "shelfMountL"
    },
    {
      "type": "whitespace",
      "start": 1177,
      "end": 1178,
      "value": " "
    },
    {
      "type": "operator",
      "start": 1178,
      "end": 1179,
      "value": "-"
    },
    {
      "type": "whitespace",
      "start": 1179,
      "end": 1180,
      "value": " "
    },
    {
      "type": "word",
      "start": 1180,
      "end": 1189,
      "value": "thickness"
    },
    {
      "type": "comma",
      "start": 1189,
      "end": 1190,
      "value": ","
    },
    {
      "type": "whitespace",
      "start": 1190,
      "end": 1191,
      "value": " "
    },
    {
      "type": "number",
      "start": 1191,
      "end": 1192,
      "value": "0"
    },
    {
      "type": "brace",
      "start": 1192,
      "end": 1193,
      "value": "]"
    },
    {
      "type": "comma",
      "start": 1193,
      "end": 1194,
      "value": ","
    },
    {
      "type": "whitespace",
      "start": 1194,
      "end": 1195,
      "value": " "
    },
    {
      "type": "operator",
      "start": 1195,
      "end": 1196,
      "value": "%"
    },
    {
      "type": "comma",
      "start": 1196,
      "end": 1197,
      "value": ","
    },
    {
      "type": "whitespace",
      "start": 1197,
      "end": 1198,
      "value": " "
    },
    {
      "type": "dollar",
      "start": 1198,
      "end": 1199,
      "value": "$"
    },
    {
      "type": "word",
      "start": 1199,
      "end": 1208,
      "value": "innerEdge"
    },
    {
      "type": "brace",
      "start": 1208,
      "end": 1209,
      "value": ")"
    },
    {
      "type": "whitespace",
      "start": 1209,
      "end": 1212,
      "value": "\n  "
    },
    {
      "type": "operator",
      "start": 1212,
      "end": 1214,
      "value": "|>"
    },
    {
      "type": "whitespace",
      "start": 1214,
      "end": 1215,
      "value": " "
    },
    {
      "type": "word",
      "start": 1215,
      "end": 1219,
      "value": "line"
    },
    {
      "type": "brace",
      "start": 1219,
      "end": 1220,
      "value": "("
    },
    {
      "type": "brace",
      "start": 1220,
      "end": 1221,
      "value": "["
    },
    {
      "type": "number",
      "start": 1221,
      "end": 1222,
      "value": "0"
    },
    {
      "type": "comma",
      "start": 1222,
      "end": 1223,
      "value": ","
    },
    {
      "type": "whitespace",
      "start": 1223,
      "end": 1224,
      "value": " "
    },
    {
      "type": "operator",
      "start": 1224,
      "end": 1225,
      "value": "-"
    },
    {
      "type": "word",
      "start": 1225,
      "end": 1235,
      "value": "wallMountL"
    },
    {
      "type": "whitespace",
      "start": 1235,
      "end": 1236,
      "value": " "
    },
    {
      "type": "operator",
      "start": 1236,
      "end": 1237,
      "value": "+"
    },
    {
      "type": "whitespace",
      "start": 1237,
      "end": 1238,
      "value": " "
    },
    {
      "type": "word",
      "start": 1238,
      "end": 1247,
      "value": "thickness"
    },
    {
      "type": "brace",
      "start": 1247,
      "end": 1248,
      "value": "]"
    },
    {
      "type": "comma",
      "start": 1248,
      "end": 1249,
      "value": ","
    },
    {
      "type": "whitespace",
      "start": 1249,
      "end": 1250,
      "value": " "
    },
    {
      "type": "operator",
      "start": 1250,
      "end": 1251,
      "value": "%"
    },
    {
      "type": "brace",
      "start": 1251,
      "end": 1252,
      "value": ")"
    },
    {
      "type": "whitespace",
      "start": 1252,
      "end": 1255,
      "value": "\n  "
    },
    {
      "type": "operator",
      "start": 1255,
      "end": 1257,
      "value": "|>"
    },
    {
      "type": "whitespace",
      "start": 1257,
      "end": 1258,
      "value": " "
    },
    {
      "type": "word",
      "start": 1258,
      "end": 1263,
      "value": "close"
    },
    {
      "type": "brace",
      "start": 1263,
      "end": 1264,
      "value": "("
    },
    {
      "type": "operator",
      "start": 1264,
      "end": 1265,
      "value": "%"
    },
    {
      "type": "brace",
      "start": 1265,
      "end": 1266,
      "value": ")"
    },
    {
      "type": "whitespace",
      "start": 1266,
      "end": 1269,
      "value": "\n  "
    },
    {
      "type": "operator",
      "start": 1269,
      "end": 1271,
      "value": "|>"
    },
    {
      "type": "whitespace",
      "start": 1271,
      "end": 1272,
      "value": " "
    },
    {
      "type": "word",
      "start": 1272,
      "end": 1279,
      "value": "extrude"
    },
    {
      "type": "brace",
      "start": 1279,
      "end": 1280,
      "value": "("
    },
    {
      "type": "word",
      "start": 1280,
      "end": 1285,
      "value": "width"
    },
    {
      "type": "comma",
      "start": 1285,
      "end": 1286,
      "value": ","
    },
    {
      "type": "whitespace",
      "start": 1286,
      "end": 1287,
      "value": " "
    },
    {
      "type": "operator",
      "start": 1287,
      "end": 1288,
      "value": "%"
    },
    {
      "type": "brace",
      "start": 1288,
      "end": 1289,
      "value": ")"
    },
    {
      "type": "whitespace",
      "start": 1289,
      "end": 1292,
      "value": "\n  "
    },
    {
      "type": "operator",
      "start": 1292,
      "end": 1294,
      "value": "|>"
    },
    {
      "type": "whitespace",
      "start": 1294,
      "end": 1295,
      "value": " "
    },
    {
      "type": "word",
      "start": 1295,
      "end": 1301,
      "value": "fillet"
    },
    {
      "type": "brace",
      "start": 1301,
      "end": 1302,
      "value": "("
    },
    {
      "type": "brace",
      "start": 1302,
      "end": 1303,
      "value": "{"
    },
    {
      "type": "whitespace",
      "start": 1303,
      "end": 1311,
      "value": "\n       "
    },
    {
      "type": "word",
      "start": 1311,
      "end": 1317,
      "value": "radius"
    },
    {
      "type": "whitespace",
      "start": 1317,
      "end": 1318,
      "value": " "
    },
    {
      "type": "operator",
      "start": 1318,
      "end": 1319,
      "value": "="
    },
    {
      "type": "whitespace",
      "start": 1319,
      "end": 1320,
      "value": " "
    },
    {
      "type": "word",
      "start": 1320,
      "end": 1327,
      "value": "filletR"
    },
    {
      "type": "comma",
      "start": 1327,
      "end": 1328,
      "value": ","
    },
    {
      "type": "whitespace",
      "start": 1328,
      "end": 1336,
      "value": "\n       "
    },
    {
      "type": "word",
      "start": 1336,
      "end": 1340,
      "value": "tags"
    },
    {
      "type": "whitespace",
      "start": 1340,
      "end": 1341,
      "value": " "
    },
    {
      "type": "operator",
      "start": 1341,
      "end": 1342,
      "value": "="
    },
    {
      "type": "whitespace",
      "start": 1342,
      "end": 1343,
      "value": " "
    },
    {
      "type": "brace",
      "start": 1343,
      "end": 1344,
      "value": "["
    },
    {
      "type": "word",
      "start": 1344,
      "end": 1363,
      "value": "getNextAdjacentEdge"
    },
    {
      "type": "brace",
      "start": 1363,
      "end": 1364,
      "value": "("
    },
    {
      "type": "word",
      "start": 1364,
      "end": 1373,
      "value": "innerEdge"
    },
    {
      "type": "brace",
      "start": 1373,
      "end": 1374,
      "value": ")"
    },
    {
      "type": "brace",
      "start": 1374,
      "end": 1375,
      "value": "]"
    },
    {
      "type": "whitespace",
      "start": 1375,
      "end": 1381,
      "value": "\n     "
    },
    {
      "type": "brace",
      "start": 1381,
      "end": 1382,
      "value": "}"
    },
    {
      "type": "comma",
      "start": 1382,
      "end": 1383,
      "value": ","
    },
    {
      "type": "whitespace",
      "start": 1383,
      "end": 1384,
      "value": " "
    },
    {
      "type": "operator",
      "start": 1384,
      "end": 1385,
      "value": "%"
    },
    {
      "type": "brace",
      "start": 1385,
      "end": 1386,
      "value": ")"
    },
    {
      "type": "whitespace",
      "start": 1386,
      "end": 1389,
      "value": "\n  "
    },
    {
      "type": "operator",
      "start": 1389,
      "end": 1391,
      "value": "|>"
    },
    {
      "type": "whitespace",
      "start": 1391,
      "end": 1392,
      "value": " "
    },
    {
      "type": "word",
      "start": 1392,
      "end": 1398,
      "value": "fillet"
    },
    {
      "type": "brace",
      "start": 1398,
      "end": 1399,
      "value": "("
    },
    {
      "type": "brace",
      "start": 1399,
      "end": 1400,
      "value": "{"
    },
    {
      "type": "whitespace",
      "start": 1400,
      "end": 1408,
      "value": "\n       "
    },
    {
      "type": "word",
      "start": 1408,
      "end": 1414,
      "value": "radius"
    },
    {
      "type": "whitespace",
      "start": 1414,
      "end": 1415,
      "value": " "
    },
    {
      "type": "operator",
      "start": 1415,
      "end": 1416,
      "value": "="
    },
    {
      "type": "whitespace",
      "start": 1416,
      "end": 1417,
      "value": " "
    },
    {
      "type": "word",
      "start": 1417,
      "end": 1424,
      "value": "filletR"
    },
    {
      "type": "whitespace",
      "start": 1424,
      "end": 1425,
      "value": " "
    },
    {
      "type": "operator",
      "start": 1425,
      "end": 1426,
      "value": "+"
    },
    {
      "type": "whitespace",
      "start": 1426,
      "end": 1427,
      "value": " "
    },
    {
      "type": "word",
      "start": 1427,
      "end": 1436,
      "value": "thickness"
    },
    {
      "type": "comma",
      "start": 1436,
      "end": 1437,
      "value": ","
    },
    {
      "type": "whitespace",
      "start": 1437,
      "end": 1445,
      "value": "\n       "
    },
    {
      "type": "word",
      "start": 1445,
      "end": 1449,
      "value": "tags"
    },
    {
      "type": "whitespace",
      "start": 1449,
      "end": 1450,
      "value": " "
    },
    {
      "type": "operator",
      "start": 1450,
      "end": 1451,
      "value": "="
    },
    {
      "type": "whitespace",
      "start": 1451,
      "end": 1452,
      "value": " "
    },
    {
      "type": "brace",
      "start": 1452,
      "end": 1453,
      "value": "["
    },
    {
      "type": "word",
      "start": 1453,
      "end": 1472,
      "value": "getNextAdjacentEdge"
    },
    {
      "type": "brace",
      "start": 1472,
      "end": 1473,
      "value": "("
    },
    {
      "type": "word",
      "start": 1473,
      "end": 1482,
      "value": "outerEdge"
    },
    {
      "type": "brace",
      "start": 1482,
      "end": 1483,
      "value": ")"
    },
    {
      "type": "brace",
      "start": 1483,
      "end": 1484,
      "value": "]"
    },
    {
      "type": "whitespace",
      "start": 1484,
      "end": 1490,
      "value": "\n     "
    },
    {
      "type": "brace",
      "start": 1490,
      "end": 1491,
      "value": "}"
    },
    {
      "type": "comma",
      "start": 1491,
      "end": 1492,
      "value": ","
    },
    {
      "type": "whitespace",
      "start": 1492,
      "end": 1493,
      "value": " "
    },
    {
      "type": "operator",
      "start": 1493,
      "end": 1494,
      "value": "%"
    },
    {
      "type": "brace",
      "start": 1494,
      "end": 1495,
      "value": ")"
    },
    {
      "type": "whitespace",
      "start": 1495,
      "end": 1497,
      "value": "\n\n"
    },
    {
      "type": "word",
      "start": 1497,
      "end": 1506,
      "value": "sketch001"
    },
    {
      "type": "whitespace",
      "start": 1506,
      "end": 1507,
      "value": " "
    },
    {
      "type": "operator",
      "start": 1507,
      "end": 1508,
      "value": "="
    },
    {
      "type": "whitespace",
      "start": 1508,
      "end": 1509,
      "value": " "
    },
    {
      "type": "word",
      "start": 1509,
      "end": 1522,
      "value": "startSketchOn"
    },
    {
      "type": "brace",
      "start": 1522,
      "end": 1523,
      "value": "("
    },
    {
      "type": "word",
      "start": 1523,
      "end": 1530,
      "value": "bracket"
    },
    {
      "type": "comma",
      "start": 1530,
      "end": 1531,
      "value": ","
    },
    {
      "type": "whitespace",
      "start": 1531,
      "end": 1532,
      "value": " "
    },
    {
      "type": "word",
      "start": 1532,
      "end": 1537,
      "value": "seg01"
    },
    {
      "type": "brace",
      "start": 1537,
      "end": 1538,
      "value": ")"
    },
    {
      "type": "whitespace",
      "start": 1538,
      "end": 1541,
      "value": "\n  "
    },
    {
      "type": "operator",
      "start": 1541,
      "end": 1543,
      "value": "|>"
    },
    {
      "type": "whitespace",
      "start": 1543,
      "end": 1544,
      "value": " "
    },
    {
      "type": "word",
      "start": 1544,
      "end": 1558,
      "value": "startProfileAt"
    },
    {
      "type": "brace",
      "start": 1558,
      "end": 1559,
      "value": "("
    },
    {
      "type": "brace",
      "start": 1559,
      "end": 1560,
      "value": "["
    },
    {
      "type": "number",
      "start": 1560,
      "end": 1564,
      "value": "4.28"
    },
    {
      "type": "comma",
      "start": 1564,
      "end": 1565,
      "value": ","
    },
    {
      "type": "whitespace",
      "start": 1565,
      "end": 1566,
      "value": " "
    },
    {
      "type": "number",
      "start": 1566,
      "end": 1570,
      "value": "3.83"
    },
    {
      "type": "brace",
      "start": 1570,
      "end": 1571,
      "value": "]"
    },
    {
      "type": "comma",
      "start": 1571,
      "end": 1572,
      "value": ","
    },
    {
      "type": "whitespace",
      "start": 1572,
      "end": 1573,
      "value": " "
    },
    {
      "type": "operator",
      "start": 1573,
      "end": 1574,
      "value": "%"
    },
    {
      "type": "brace",
      "start": 1574,
      "end": 1575,
      "value": ")"
    },
    {
      "type": "whitespace",
      "start": 1575,
      "end": 1578,
      "value": "\n  "
    },
    {
      "type": "operator",
      "start": 1578,
      "end": 1580,
      "value": "|>"
    },
    {
      "type": "whitespace",
      "start": 1580,
      "end": 1581,
      "value": " "
    },
    {
      "type": "word",
      "start": 1581,
      "end": 1585,
      "value": "line"
    },
    {
      "type": "brace",
      "start": 1585,
      "end": 1586,
      "value": "("
    },
    {
      "type": "brace",
      "start": 1586,
      "end": 1587,
      "value": "["
    },
    {
      "type": "number",
      "start": 1587,
      "end": 1591,
      "value": "2.17"
    },
    {
      "type": "comma",
      "start": 1591,
      "end": 1592,
      "value": ","
    },
    {
      "type": "whitespace",
      "start": 1592,
      "end": 1593,
      "value": " "
    },
    {
      "type": "operator",
      "start": 1593,
      "end": 1594,
      "value": "-"
    },
    {
      "type": "number",
      "start": 1594,
      "end": 1598,
      "value": "0.03"
    },
    {
      "type": "brace",
      "start": 1598,
      "end": 1599,
      "value": "]"
    },
    {
      "type": "comma",
      "start": 1599,
      "end": 1600,
      "value": ","
    },
    {
      "type": "whitespace",
      "start": 1600,
      "end": 1601,
      "value": " "
    },
    {
      "type": "operator",
      "start": 1601,
      "end": 1602,
      "value": "%"
    },
    {
      "type": "brace",
      "start": 1602,
      "end": 1603,
      "value": ")"
    },
    {
      "type": "whitespace",
      "start": 1603,
      "end": 1606,
      "value": "\n  "
    },
    {
      "type": "operator",
      "start": 1606,
      "end": 1608,
      "value": "|>"
    },
    {
      "type": "whitespace",
      "start": 1608,
      "end": 1609,
      "value": " "
    },
    {
      "type": "word",
      "start": 1609,
      "end": 1613,
      "value": "line"
    },
    {
      "type": "brace",
      "start": 1613,
      "end": 1614,
      "value": "("
    },
    {
      "type": "brace",
      "start": 1614,
      "end": 1615,
      "value": "["
    },
    {
      "type": "operator",
      "start": 1615,
      "end": 1616,
      "value": "-"
    },
    {
      "type": "number",
      "start": 1616,
      "end": 1620,
      "value": "0.07"
    },
    {
      "type": "comma",
      "start": 1620,
      "end": 1621,
      "value": ","
    },
    {
      "type": "whitespace",
      "start": 1621,
      "end": 1622,
      "value": " "
    },
    {
      "type": "operator",
      "start": 1622,
      "end": 1623,
      "value": "-"
    },
    {
      "type": "number",
      "start": 1623,
      "end": 1626,
      "value": "1.8"
    },
    {
      "type": "brace",
      "start": 1626,
      "end": 1627,
      "value": "]"
    },
    {
      "type": "comma",
      "start": 1627,
      "end": 1628,
      "value": ","
    },
    {
      "type": "whitespace",
      "start": 1628,
      "end": 1629,
      "value": " "
    },
    {
      "type": "operator",
      "start": 1629,
      "end": 1630,
      "value": "%"
    },
    {
      "type": "brace",
      "start": 1630,
      "end": 1631,
      "value": ")"
    },
    {
      "type": "whitespace",
      "start": 1631,
      "end": 1634,
      "value": "\n  "
    },
    {
      "type": "operator",
      "start": 1634,
      "end": 1636,
      "value": "|>"
    },
    {
      "type": "whitespace",
      "start": 1636,
      "end": 1637,
      "value": " "
    },
    {
      "type": "word",
      "start": 1637,
      "end": 1641,
      "value": "line"
    },
    {
      "type": "brace",
      "start": 1641,
      "end": 1642,
      "value": "("
    },
    {
      "type": "brace",
      "start": 1642,
      "end": 1643,
      "value": "["
    },
    {
      "type": "operator",
      "start": 1643,
      "end": 1644,
      "value": "-"
    },
    {
      "type": "number",
      "start": 1644,
      "end": 1648,
      "value": "2.07"
    },
    {
      "type": "comma",
      "start": 1648,
      "end": 1649,
      "value": ","
    },
    {
      "type": "whitespace",
      "start": 1649,
      "end": 1650,
      "value": " "
    },
    {
      "type": "number",
      "start": 1650,
      "end": 1654,
      "value": "0.05"
    },
    {
      "type": "brace",
      "start": 1654,
      "end": 1655,
      "value": "]"
    },
    {
      "type": "comma",
      "start": 1655,
      "end": 1656,
      "value": ","
    },
    {
      "type": "whitespace",
      "start": 1656,
      "end": 1657,
      "value": " "
    },
    {
      "type": "operator",
      "start": 1657,
      "end": 1658,
      "value": "%"
    },
    {
      "type": "brace",
      "start": 1658,
      "end": 1659,
      "value": ")"
    },
    {
      "type": "whitespace",
      "start": 1659,
      "end": 1662,
      "value": "\n  "
    },
    {
      "type": "operator",
      "start": 1662,
      "end": 1664,
      "value": "|>"
    },
    {
      "type": "whitespace",
      "start": 1664,
      "end": 1665,
      "value": " "
    },
    {
      "type": "word",
      "start": 1665,
      "end": 1671,
      "value": "lineTo"
    },
    {
      "type": "brace",
      "start": 1671,
      "end": 1672,
      "value": "("
    },
    {
      "type": "brace",
      "start": 1672,
      "end": 1673,
      "value": "["
    },
    {
      "type": "word",
      "start": 1673,
      "end": 1686,
      "value": "profileStartX"
    },
    {
      "type": "brace",
      "start": 1686,
      "end": 1687,
      "value": "("
    },
    {
      "type": "operator",
      "start": 1687,
      "end": 1688,
      "value": "%"
    },
    {
      "type": "brace",
      "start": 1688,
      "end": 1689,
      "value": ")"
    },
    {
      "type": "comma",
      "start": 1689,
      "end": 1690,
      "value": ","
    },
    {
      "type": "whitespace",
      "start": 1690,
      "end": 1691,
      "value": " "
    },
    {
      "type": "word",
      "start": 1691,
      "end": 1704,
      "value": "profileStartY"
    },
    {
      "type": "brace",
      "start": 1704,
      "end": 1705,
      "value": "("
    },
    {
      "type": "operator",
      "start": 1705,
      "end": 1706,
      "value": "%"
    },
    {
      "type": "brace",
      "start": 1706,
      "end": 1707,
      "value": ")"
    },
    {
      "type": "brace",
      "start": 1707,
      "end": 1708,
      "value": "]"
    },
    {
      "type": "comma",
      "start": 1708,
      "end": 1709,
      "value": ","
    },
    {
      "type": "whitespace",
      "start": 1709,
      "end": 1710,
      "value": " "
    },
    {
      "type": "operator",
      "start": 1710,
      "end": 1711,
      "value": "%"
    },
    {
      "type": "brace",
      "start": 1711,
      "end": 1712,
      "value": ")"
    },
    {
      "type": "whitespace",
      "start": 1712,
      "end": 1715,
      "value": "\n  "
    },
    {
      "type": "operator",
      "start": 1715,
      "end": 1717,
      "value": "|>"
    },
    {
      "type": "whitespace",
      "start": 1717,
      "end": 1718,
      "value": " "
    },
    {
      "type": "word",
      "start": 1718,
      "end": 1723,
      "value": "close"
    },
    {
      "type": "brace",
      "start": 1723,
      "end": 1724,
      "value": "("
    },
    {
      "type": "operator",
      "start": 1724,
      "end": 1725,
      "value": "%"
    },
    {
      "type": "brace",
      "start": 1725,
      "end": 1726,
      "value": ")"
    },
    {
      "type": "whitespace",
      "start": 1726,
      "end": 1729,
      "value": "\n  "
    },
    {
      "type": "operator",
      "start": 1729,
      "end": 1731,
      "value": "|>"
    },
    {
      "type": "whitespace",
      "start": 1731,
      "end": 1732,
      "value": " "
    },
    {
      "type": "word",
      "start": 1732,
      "end": 1739,
      "value": "extrude"
    },
    {
      "type": "brace",
      "start": 1739,
      "end": 1740,
      "value": "("
    },
    {
      "type": "number",
      "start": 1740,
      "end": 1742,
      "value": "10"
    },
    {
      "type": "comma",
      "start": 1742,
      "end": 1743,
      "value": ","
    },
    {
      "type": "whitespace",
      "start": 1743,
      "end": 1744,
      "value": " "
    },
    {
      "type": "operator",
      "start": 1744,
      "end": 1745,
      "value": "%"
    },
    {
      "type": "brace",
      "start": 1745,
      "end": 1746,
      "value": ")"
    },
    {
      "type": "whitespace",
      "start": 1746,
      "end": 1747,
      "value": "\n"
    }
  ]
}
