---
source: kcl/src/simulation_tests.rs
assertion_line: 65
description: Result of parsing index_of_array.kcl
snapshot_kind: text
---
{
  "Ok": {
    "body": [
      {
        "declarations": [
          {
            "end": 53,
            "id": {
              "end": 38,
              "name": "arr",
              "start": 35,
              "type": "Identifier"
            },
            "init": {
              "elements": [
                {
                  "end": 44,
                  "raw": "90",
                  "start": 42,
                  "type": "Literal",
                  "type": "Literal",
                  "value": 90.0
                },
                {
                  "end": 48,
                  "raw": "91",
                  "start": 46,
                  "type": "Literal",
                  "type": "Literal",
                  "value": 91.0
                },
                {
                  "end": 52,
                  "raw": "92",
                  "start": 50,
                  "type": "Literal",
                  "type": "Literal",
                  "value": 92.0
                }
              ],
              "end": 53,
              "start": 41,
              "type": "ArrayExpression",
              "type": "ArrayExpression"
            },
            "start": 35,
            "type": "VariableDeclarator"
          }
        ],
        "end": 53,
        "kind": "const",
        "start": 35,
        "type": "VariableDeclaration",
        "type": "VariableDeclaration"
      },
      {
        "declarations": [
          {
            "end": 97,
            "id": {
              "end": 88,
              "name": "result0",
              "start": 81,
              "type": "Identifier"
            },
            "init": {
              "computed": false,
              "end": 97,
              "object": {
                "end": 94,
                "name": "arr",
                "start": 91,
                "type": "Identifier",
                "type": "Identifier"
              },
              "property": {
                "end": 96,
                "raw": "1",
                "start": 95,
                "type": "Literal",
                "type": "Literal",
                "value": 1.0
              },
              "start": 91,
              "type": "MemberExpression",
              "type": "MemberExpression"
            },
            "start": 81,
            "type": "VariableDeclarator"
          }
        ],
        "end": 97,
        "kind": "const",
        "start": 81,
        "type": "VariableDeclaration",
        "type": "VariableDeclaration"
      },
      {
        "end": 157,
        "expression": {
          "arguments": [
            {
              "end": 125,
              "name": "result0",
              "start": 118,
              "type": "Identifier",
              "type": "Identifier"
            },
            {
              "end": 129,
              "raw": "91",
              "start": 127,
              "type": "Literal",
              "type": "Literal",
              "value": 91.0
            },
            {
              "end": 156,
              "raw": "\"Literal property lookup\"",
              "start": 131,
              "type": "Literal",
              "type": "Literal",
              "value": "Literal property lookup"
            }
          ],
          "callee": {
            "end": 117,
            "name": "assertLessThanOrEq",
            "start": 99,
            "type": "Identifier"
          },
          "end": 157,
          "optional": false,
          "start": 99,
          "type": "CallExpression",
          "type": "CallExpression"
        },
        "start": 99,
        "type": "ExpressionStatement",
        "type": "ExpressionStatement"
      },
      {
        "end": 219,
        "expression": {
          "arguments": [
            {
              "end": 187,
              "name": "result0",
              "start": 180,
              "type": "Identifier",
              "type": "Identifier"
            },
            {
              "end": 191,
              "raw": "91",
              "start": 189,
              "type": "Literal",
              "type": "Literal",
              "value": 91.0
            },
            {
              "end": 218,
              "raw": "\"Literal property lookup\"",
              "start": 193,
              "type": "Literal",
              "type": "Literal",
              "value": "Literal property lookup"
            }
          ],
          "callee": {
            "end": 179,
            "name": "assertGreaterThanOrEq",
            "start": 158,
            "type": "Identifier"
          },
          "end": 219,
          "optional": false,
          "start": 158,
          "type": "CallExpression",
          "type": "CallExpression"
        },
        "start": 158,
        "type": "ExpressionStatement",
        "type": "ExpressionStatement"
      },
      {
        "declarations": [
          {
            "end": 257,
            "id": {
              "end": 249,
              "name": "i",
              "start": 248,
              "type": "Identifier"
            },
            "init": {
              "end": 257,
              "left": {
                "end": 253,
                "raw": "1",
                "start": 252,
                "type": "Literal",
                "type": "Literal",
                "value": 1.0
              },
              "operator": "+",
              "right": {
                "end": 257,
                "raw": "0",
                "start": 256,
                "type": "Literal",
                "type": "Literal",
                "value": 0.0
              },
              "start": 252,
              "type": "BinaryExpression",
              "type": "BinaryExpression"
            },
            "start": 248,
            "type": "VariableDeclarator"
          }
        ],
        "end": 257,
        "kind": "const",
        "start": 248,
        "type": "VariableDeclaration",
        "type": "VariableDeclaration"
      },
      {
        "declarations": [
          {
            "end": 274,
            "id": {
              "end": 265,
              "name": "result1",
              "start": 258,
              "type": "Identifier"
            },
            "init": {
              "computed": true,
              "end": 274,
              "object": {
                "end": 271,
                "name": "arr",
                "start": 268,
                "type": "Identifier",
                "type": "Identifier"
              },
              "property": {
                "end": 273,
                "name": "i",
                "start": 272,
                "type": "Identifier",
                "type": "Identifier"
              },
              "start": 268,
              "type": "MemberExpression",
              "type": "MemberExpression"
            },
            "start": 258,
            "type": "VariableDeclarator"
          }
        ],
        "end": 274,
        "kind": "const",
        "start": 258,
        "type": "VariableDeclaration",
        "type": "VariableDeclaration"
      },
      {
        "end": 335,
        "expression": {
          "arguments": [
            {
              "end": 302,
              "name": "result1",
              "start": 295,
              "type": "Identifier",
              "type": "Identifier"
            },
            {
              "end": 306,
              "raw": "91",
              "start": 304,
              "type": "Literal",
              "type": "Literal",
              "value": 91.0
            },
            {
              "end": 334,
              "raw": "\"Computed property lookup\"",
              "start": 308,
              "type": "Literal",
              "type": "Literal",
              "value": "Computed property lookup"
            }
          ],
          "callee": {
            "end": 294,
            "name": "assertLessThanOrEq",
            "start": 276,
            "type": "Identifier"
          },
          "end": 335,
          "optional": false,
          "start": 276,
          "type": "CallExpression",
          "type": "CallExpression"
        },
        "start": 276,
        "type": "ExpressionStatement",
        "type": "ExpressionStatement"
      },
      {
        "end": 398,
        "expression": {
          "arguments": [
            {
              "end": 365,
              "name": "result1",
              "start": 358,
              "type": "Identifier",
              "type": "Identifier"
            },
            {
              "end": 369,
              "raw": "91",
              "start": 367,
              "type": "Literal",
              "type": "Literal",
              "value": 91.0
            },
            {
              "end": 397,
              "raw": "\"Computed property lookup\"",
              "start": 371,
              "type": "Literal",
              "type": "Literal",
              "value": "Computed property lookup"
            }
          ],
          "callee": {
            "end": 357,
            "name": "assertGreaterThanOrEq",
            "start": 336,
            "type": "Identifier"
          },
          "end": 398,
          "optional": false,
          "start": 336,
          "type": "CallExpression",
          "type": "CallExpression"
        },
        "start": 336,
        "type": "ExpressionStatement",
        "type": "ExpressionStatement"
      }
    ],
    "end": 399,
    "nonCodeMeta": {
      "nonCodeNodes": {
        "0": [
          {
            "end": 78,
            "start": 53,
            "type": "NonCodeNode",
            "value": {
              "type": "newLineBlockComment",
              "value": "Test: literal index.",
              "style": "line"
            }
          },
          {
            "end": 81,
            "start": 78,
            "type": "NonCodeNode",
            "value": {
              "type": "newLine"
            }
          }
        ],
        "1": [
          {
            "end": 99,
            "start": 97,
            "type": "NonCodeNode",
            "value": {
              "type": "newLine"
            }
          }
        ],
        "3": [
          {
            "end": 245,
            "start": 219,
            "type": "NonCodeNode",
            "value": {
              "type": "newLineBlockComment",
              "value": "Test: computed index.",
              "style": "line"
            }
          },
          {
            "end": 248,
            "start": 245,
            "type": "NonCodeNode",
            "value": {
              "type": "newLine"
            }
          }
        ],
        "5": [
          {
            "end": 276,
            "start": 274,
            "type": "NonCodeNode",
            "value": {
              "type": "newLine"
            }
          }
        ]
      },
      "startNodes": [
        {
          "end": 32,
          "start": 0,
          "type": "NonCodeNode",
          "value": {
            "type": "blockComment",
            "value": "This tests indexing an array.",
            "style": "line"
          }
        },
        {
          "end": 35,
          "start": 32,
          "type": "NonCodeNode",
          "value": {
            "type": "newLine"
          }
        }
      ]
    },
    "start": 0
  }
}
